core_cm4.h:1037:22:NVIC_SetPriorityGrouping	24	static
main.c:226:6:prvTask1TimerCallback	24	static
main.c:231:6:prvTask2TimerCallback	24	static
main.c:236:6:prvTask3TimerCallback	24	static
main.c:241:6:prvMonitorTimerCallback	128	static
main.c:263:5:main	32	static
main.c:328:13:complete_dd_task	104	static
main.c:363:13:drop_overdue_active_tasks	104	static
main.c:389:13:get_active_dd_task_list	16	static
main.c:392:13:get_overdue_dd_task_list	16	static
main.c:395:13:get_completed_dd_task_list	16	static
main.c:399:13:release_dd_task	72	static
main.c:448:13:DDSchedulertask	120	static
main.c:498:6:create_dd_task	104	static
main.c:527:13:DDGeneratorTask	48	static
main.c:577:13:DDSMonitorTask	40	static
main.c:602:13:simulate_exec	40	static
main.c:634:13:notify_done_and_suspend	96	static
main.c:653:13:OneTask	24	static
main.c:659:13:TwoTask	24	static
main.c:664:13:ThreeTask	24	static
main.c:670:6:vApplicationMallocFailedHook	4	static
main.c:685:6:vApplicationStackOverflowHook	16	static
main.c:700:6:vApplicationIdleHook	16	static
main.c:722:13:prvSetupHardware	8	static
