Archive member included to satisfy reference by file (symbol)

c:/program files (x86)/atollic/truestudio for stm32 9.1.0/armtools/bin/../lib/gcc/arm-atollic-eabi/6.3.1/../../../../arm-atollic-eabi/lib/armv7e-m/softfp\libc_nano.a(lib_a-init.o)
                              src\startup_stm32f4xx.o (__libc_init_array)
c:/program files (x86)/atollic/truestudio for stm32 9.1.0/armtools/bin/../lib/gcc/arm-atollic-eabi/6.3.1/../../../../arm-atollic-eabi/lib/armv7e-m/softfp\libc_nano.a(lib_a-memcpy-stub.o)
                              FreeRTOS_Source\queue.o (memcpy)
c:/program files (x86)/atollic/truestudio for stm32 9.1.0/armtools/bin/../lib/gcc/arm-atollic-eabi/6.3.1/../../../../arm-atollic-eabi/lib/armv7e-m/softfp\libc_nano.a(lib_a-memset.o)
                              FreeRTOS_Source\tasks.o (memset)
c:/program files (x86)/atollic/truestudio for stm32 9.1.0/armtools/bin/../lib/gcc/arm-atollic-eabi/6.3.1/../../../../arm-atollic-eabi/lib/armv7e-m/softfp\libc_nano.a(lib_a-puts.o)
                              src\main.o (puts)
c:/program files (x86)/atollic/truestudio for stm32 9.1.0/armtools/bin/../lib/gcc/arm-atollic-eabi/6.3.1/../../../../arm-atollic-eabi/lib/armv7e-m/softfp\libc_nano.a(lib_a-reent.o)
                              src\syscalls.o (errno)
c:/program files (x86)/atollic/truestudio for stm32 9.1.0/armtools/bin/../lib/gcc/arm-atollic-eabi/6.3.1/../../../../arm-atollic-eabi/lib/armv7e-m/softfp\libc_nano.a(lib_a-wbuf.o)
                              c:/program files (x86)/atollic/truestudio for stm32 9.1.0/armtools/bin/../lib/gcc/arm-atollic-eabi/6.3.1/../../../../arm-atollic-eabi/lib/armv7e-m/softfp\libc_nano.a(lib_a-puts.o) (__swbuf_r)
c:/program files (x86)/atollic/truestudio for stm32 9.1.0/armtools/bin/../lib/gcc/arm-atollic-eabi/6.3.1/../../../../arm-atollic-eabi/lib/armv7e-m/softfp\libc_nano.a(lib_a-wsetup.o)
                              c:/program files (x86)/atollic/truestudio for stm32 9.1.0/armtools/bin/../lib/gcc/arm-atollic-eabi/6.3.1/../../../../arm-atollic-eabi/lib/armv7e-m/softfp\libc_nano.a(lib_a-puts.o) (__swsetup_r)
c:/program files (x86)/atollic/truestudio for stm32 9.1.0/armtools/bin/../lib/gcc/arm-atollic-eabi/6.3.1/../../../../arm-atollic-eabi/lib/armv7e-m/softfp\libc_nano.a(lib_a-fflush.o)
                              c:/program files (x86)/atollic/truestudio for stm32 9.1.0/armtools/bin/../lib/gcc/arm-atollic-eabi/6.3.1/../../../../arm-atollic-eabi/lib/armv7e-m/softfp\libc_nano.a(lib_a-wbuf.o) (_fflush_r)
c:/program files (x86)/atollic/truestudio for stm32 9.1.0/armtools/bin/../lib/gcc/arm-atollic-eabi/6.3.1/../../../../arm-atollic-eabi/lib/armv7e-m/softfp\libc_nano.a(lib_a-findfp.o)
                              c:/program files (x86)/atollic/truestudio for stm32 9.1.0/armtools/bin/../lib/gcc/arm-atollic-eabi/6.3.1/../../../../arm-atollic-eabi/lib/armv7e-m/softfp\libc_nano.a(lib_a-puts.o) (__sinit)
c:/program files (x86)/atollic/truestudio for stm32 9.1.0/armtools/bin/../lib/gcc/arm-atollic-eabi/6.3.1/../../../../arm-atollic-eabi/lib/armv7e-m/softfp\libc_nano.a(lib_a-fwalk.o)
                              c:/program files (x86)/atollic/truestudio for stm32 9.1.0/armtools/bin/../lib/gcc/arm-atollic-eabi/6.3.1/../../../../arm-atollic-eabi/lib/armv7e-m/softfp\libc_nano.a(lib_a-findfp.o) (_fwalk)
c:/program files (x86)/atollic/truestudio for stm32 9.1.0/armtools/bin/../lib/gcc/arm-atollic-eabi/6.3.1/../../../../arm-atollic-eabi/lib/armv7e-m/softfp\libc_nano.a(lib_a-impure.o)
                              c:/program files (x86)/atollic/truestudio for stm32 9.1.0/armtools/bin/../lib/gcc/arm-atollic-eabi/6.3.1/../../../../arm-atollic-eabi/lib/armv7e-m/softfp\libc_nano.a(lib_a-fflush.o) (_global_impure_ptr)
c:/program files (x86)/atollic/truestudio for stm32 9.1.0/armtools/bin/../lib/gcc/arm-atollic-eabi/6.3.1/../../../../arm-atollic-eabi/lib/armv7e-m/softfp\libc_nano.a(lib_a-makebuf.o)
                              c:/program files (x86)/atollic/truestudio for stm32 9.1.0/armtools/bin/../lib/gcc/arm-atollic-eabi/6.3.1/../../../../arm-atollic-eabi/lib/armv7e-m/softfp\libc_nano.a(lib_a-wsetup.o) (__smakebuf_r)
c:/program files (x86)/atollic/truestudio for stm32 9.1.0/armtools/bin/../lib/gcc/arm-atollic-eabi/6.3.1/../../../../arm-atollic-eabi/lib/armv7e-m/softfp\libc_nano.a(lib_a-nano-freer.o)
                              c:/program files (x86)/atollic/truestudio for stm32 9.1.0/armtools/bin/../lib/gcc/arm-atollic-eabi/6.3.1/../../../../arm-atollic-eabi/lib/armv7e-m/softfp\libc_nano.a(lib_a-reent.o) (_free_r)
c:/program files (x86)/atollic/truestudio for stm32 9.1.0/armtools/bin/../lib/gcc/arm-atollic-eabi/6.3.1/../../../../arm-atollic-eabi/lib/armv7e-m/softfp\libc_nano.a(lib_a-nano-mallocr.o)
                              c:/program files (x86)/atollic/truestudio for stm32 9.1.0/armtools/bin/../lib/gcc/arm-atollic-eabi/6.3.1/../../../../arm-atollic-eabi/lib/armv7e-m/softfp\libc_nano.a(lib_a-findfp.o) (_malloc_r)
[...]
Memory Configuration

Name             Origin             Length             Attributes
FLASH            0x08000000         0x00100000         xr
RAM              0x20000000         0x00020000         xrw
MEMORY_B1        0x60000000         0x00000000         xr
CCMRAM           0x10000000         0x00010000         rw
*default*        0x00000000         0xffffffff

Linker script and memory map

LOAD c:/program files (x86)/atollic/truestudio for stm32 9.1.0/armtools/bin/../lib/gcc/arm-atollic-eabi/6.3.1/armv7e-m/softfp/crti.o
LOAD c:/program files (x86)/atollic/truestudio for stm32 9.1.0/armtools/bin/../lib/gcc/arm-atollic-eabi/6.3.1/armv7e-m/softfp/crtbegin.o
LOAD FreeRTOS_Source\croutine.o
LOAD FreeRTOS_Source\event_groups.o
LOAD FreeRTOS_Source\list.o
LOAD FreeRTOS_Source\portable\GCC\ARM_CM4F\port.o
LOAD FreeRTOS_Source\portable\MemMang\heap_4.o
LOAD FreeRTOS_Source\queue.o
LOAD FreeRTOS_Source\tasks.o
LOAD FreeRTOS_Source\timers.o
LOAD Libraries\STM32F4xx_StdPeriph_Driver\src\misc.o
LOAD Libraries\STM32F4xx_StdPeriph_Driver\src\stm32f4xx_adc.o
LOAD Libraries\STM32F4xx_StdPeriph_Driver\src\stm32f4xx_can.o
LOAD Libraries\STM32F4xx_StdPeriph_Driver\src\stm32f4xx_crc.o
LOAD Libraries\STM32F4xx_StdPeriph_Driver\src\stm32f4xx_cryp.o
LOAD Libraries\STM32F4xx_StdPeriph_Driver\src\stm32f4xx_cryp_aes.o
LOAD Libraries\STM32F4xx_StdPeriph_Driver\src\stm32f4xx_cryp_des.o
LOAD Libraries\STM32F4xx_StdPeriph_Driver\src\stm32f4xx_cryp_tdes.o
LOAD Libraries\STM32F4xx_StdPeriph_Driver\src\stm32f4xx_dac.o
LOAD Libraries\STM32F4xx_StdPeriph_Driver\src\stm32f4xx_dbgmcu.o
LOAD Libraries\STM32F4xx_StdPeriph_Driver\src\stm32f4xx_dcmi.o
LOAD Libraries\STM32F4xx_StdPeriph_Driver\src\stm32f4xx_dma.o
LOAD Libraries\STM32F4xx_StdPeriph_Driver\src\stm32f4xx_exti.o
LOAD Libraries\STM32F4xx_StdPeriph_Driver\src\stm32f4xx_flash.o
LOAD Libraries\STM32F4xx_StdPeriph_Driver\src\stm32f4xx_fsmc.o
LOAD Libraries\STM32F4xx_StdPeriph_Driver\src\stm32f4xx_gpio.o
LOAD Libraries\STM32F4xx_StdPeriph_Driver\src\stm32f4xx_hash.o
LOAD Libraries\STM32F4xx_StdPeriph_Driver\src\stm32f4xx_hash_md5.o
LOAD Libraries\STM32F4xx_StdPeriph_Driver\src\stm32f4xx_hash_sha1.o
LOAD Libraries\STM32F4xx_StdPeriph_Driver\src\stm32f4xx_i2c.o
LOAD Libraries\STM32F4xx_StdPeriph_Driver\src\stm32f4xx_iwdg.o
LOAD Libraries\STM32F4xx_StdPeriph_Driver\src\stm32f4xx_pwr.o
LOAD Libraries\STM32F4xx_StdPeriph_Driver\src\stm32f4xx_rcc.o
LOAD Libraries\STM32F4xx_StdPeriph_Driver\src\stm32f4xx_rng.o
LOAD Libraries\STM32F4xx_StdPeriph_Driver\src\stm32f4xx_rtc.o
LOAD Libraries\STM32F4xx_StdPeriph_Driver\src\stm32f4xx_sdio.o
LOAD Libraries\STM32F4xx_StdPeriph_Driver\src\stm32f4xx_spi.o
LOAD Libraries\STM32F4xx_StdPeriph_Driver\src\stm32f4xx_syscfg.o
LOAD Libraries\STM32F4xx_StdPeriph_Driver\src\stm32f4xx_tim.o
LOAD Libraries\STM32F4xx_StdPeriph_Driver\src\stm32f4xx_usart.o
LOAD Libraries\STM32F4xx_StdPeriph_Driver\src\stm32f4xx_wwdg.o
LOAD Utilities\STM32F4-Discovery\stm32f4_discovery.o
LOAD Utilities\STM32F4-Discovery\stm32f4_discovery_audio_codec.o
LOAD Utilities\STM32F4-Discovery\stm32f4_discovery_lis302dl.o
LOAD src\STM32F4-Discovery_callback.o
LOAD src\dd_task_list.o
LOAD src\main.o
LOAD src\startup_stm32f4xx.o
LOAD src\stm32f4xx_it.o
LOAD src\syscalls.o
LOAD src\system_stm32f4xx.o
LOAD src\tiny_printf.o
LOAD c:/program files (x86)/atollic/truestudio for stm32 9.1.0/armtools/bin/../lib/gcc/arm-atollic-eabi/6.3.1/../../../../arm-atollic-eabi/lib/armv7e-m/softfp\libm.a
                0x00000080                malloc_getpagesize_P = 0x80
START GROUP
LOAD c:/program files (x86)/atollic/truestudio for stm32 9.1.0/armtools/bin/../lib/gcc/arm-atollic-eabi/6.3.1/../../../../arm-atollic-eabi/lib/armv7e-m/softfp\libc_nano.a
LOAD c:/program files (x86)/atollic/truestudio for stm32 9.1.0/armtools/bin/../lib/gcc/arm-atollic-eabi/6.3.1/../../../../arm-atollic-eabi/lib/armv7e-m/softfp\libm.a
END GROUP
START GROUP
LOAD c:/program files (x86)/atollic/truestudio for stm32 9.1.0/armtools/bin/../lib/gcc/arm-atollic-eabi/6.3.1/armv7e-m/softfp\libgcc.a
LOAD c:/program files (x86)/atollic/truestudio for stm32 9.1.0/armtools/bin/../lib/gcc/arm-atollic-eabi/6.3.1/../../../../arm-atollic-eabi/lib/armv7e-m/softfp\libc_nano.a
END GROUP
START GROUP
LOAD c:/program files (x86)/atollic/truestudio for stm32 9.1.0/armtools/bin/../lib/gcc/arm-atollic-eabi/6.3.1/armv7e-m/softfp\libgcc.a
LOAD c:/program files (x86)/atollic/truestudio for stm32 9.1.0/armtools/bin/../lib/gcc/arm-atollic-eabi/6.3.1/../../../../arm-atollic-eabi/lib/armv7e-m/softfp\libc_nano.a
LOAD c:/program files (x86)/atollic/truestudio for stm32 9.1.0/armtools/bin/../lib/gcc/arm-atollic-eabi/6.3.1/../../../../arm-atollic-eabi/lib/armv7e-m/softfp\libnosys.a
END GROUP
START GROUP
LOAD c:/program files (x86)/atollic/truestudio for stm32 9.1.0/armtools/bin/../lib/gcc/arm-atollic-eabi/6.3.1/armv7e-m/softfp\libgcc.a
LOAD c:/program files (x86)/atollic/truestudio for stm32 9.1.0/armtools/bin/../lib/gcc/arm-atollic-eabi/6.3.1/../../../../arm-atollic-eabi/lib/armv7e-m/softfp\libc_nano.a
LOAD c:/program files (x86)/atollic/truestudio for stm32 9.1.0/armtools/bin/../lib/gcc/arm-atollic-eabi/6.3.1/../../../../arm-atollic-eabi/lib/armv7e-m/softfp\libnosys.a
END GROUP
LOAD c:/program files (x86)/atollic/truestudio for stm32 9.1.0/armtools/bin/../lib/gcc/arm-atollic-eabi/6.3.1/armv7e-m/softfp/crtend.o
LOAD c:/program files (x86)/atollic/truestudio for stm32 9.1.0/armtools/bin/../lib/gcc/arm-atollic-eabi/6.3.1/armv7e-m/softfp/crtn.o
                0x20020000                _estack = 0x20020000
                0x00000000                _Min_Heap_Size = 0x0
                0x00000400                _Min_Stack_Size = 0x400

.isr_vector     0x08000000      0x188
                0x08000000                . = ALIGN (0x4)
 *(.isr_vector)
 .isr_vector    0x08000000      0x188 src\startup_stm32f4xx.o
                0x08000000                g_pfnVectors
                0x08000188                . = ALIGN (0x4)

.text           0x08000190     0x50b4
                0x08000190                . = ALIGN (0x4)
 *(.text)
 .text          0x08000190       0x40 c:/program files (x86)/atollic/truestudio for stm32 9.1.0/armtools/bin/../lib/gcc/arm-atollic-eabi/6.3.1/armv7e-m/softfp/crtbegin.o
 *(.text*)
 .text.vListInitialise
                0x080001d0       0x40 FreeRTOS_Source\list.o
                0x080001d0                vListInitialise
 .text.vListInitialiseItem
                0x08000210       0x1a FreeRTOS_Source\list.o
                0x08000210                vListInitialiseItem
 .text.vListInsertEnd
                0x0800022a       0x48 FreeRTOS_Source\list.o
                0x0800022a                vListInsertEnd
 .text.vListInsert
                0x08000272       0x72 FreeRTOS_Source\list.o
                0x08000272                vListInsert
 .text.uxListRemove
                0x080002e4       0x54 FreeRTOS_Source\list.o
                0x080002e4                uxListRemove
 .text.pxPortInitialiseStack
                0x08000338       0x68 FreeRTOS_Source\portable\GCC\ARM_CM4F\port.o
                0x08000338                pxPortInitialiseStack
 .text.prvTaskExitError
                0x080003a0       0x3c FreeRTOS_Source\portable\GCC\ARM_CM4F\port.o
 *fill*         0x080003dc        0x4 
 .text.SVC_Handler
                0x080003e0       0x28 FreeRTOS_Source\portable\GCC\ARM_CM4F\port.o
                0x080003e0                SVC_Handler
 .text.prvPortStartFirstTask
                0x08000408       0x20 FreeRTOS_Source\portable\GCC\ARM_CM4F\port.o
 .text.xPortStartScheduler
                0x08000428      0x118 FreeRTOS_Source\portable\GCC\ARM_CM4F\port.o
                0x08000428                xPortStartScheduler
 .text.vPortEnterCritical
                0x08000540       0x5c FreeRTOS_Source\portable\GCC\ARM_CM4F\port.o
                0x08000540                vPortEnterCritical
 .text.vPortExitCritical
                0x0800059c       0x50 FreeRTOS_Source\portable\GCC\ARM_CM4F\port.o
                0x0800059c                vPortExitCritical
 *fill*         0x080005ec        0x4 
 .text.PendSV_Handler
                0x080005f0       0x68 FreeRTOS_Source\portable\GCC\ARM_CM4F\port.o
                0x080005f0                PendSV_Handler
 .text.SysTick_Handler
                0x08000658       0x40 FreeRTOS_Source\portable\GCC\ARM_CM4F\port.o
                0x08000658                SysTick_Handler
 .text.vPortSetupTimerInterrupt
                0x08000698       0x38 FreeRTOS_Source\portable\GCC\ARM_CM4F\port.o
                0x08000698                vPortSetupTimerInterrupt
 .text.vPortEnableVFP
                0x080006d0       0x14 FreeRTOS_Source\portable\GCC\ARM_CM4F\port.o
 .text.vPortValidateInterruptPriority
                0x080006e4       0x7c FreeRTOS_Source\portable\GCC\ARM_CM4F\port.o
                0x080006e4                vPortValidateInterruptPriority
 .text.pvPortMalloc
                0x08000760      0x18c FreeRTOS_Source\portable\MemMang\heap_4.o
                0x08000760                pvPortMalloc
 .text.vPortFree
                0x080008ec       0xb0 FreeRTOS_Source\portable\MemMang\heap_4.o
                0x080008ec                vPortFree
 .text.xPortGetFreeHeapSize
                0x0800099c       0x18 FreeRTOS_Source\portable\MemMang\heap_4.o
                0x0800099c                xPortGetFreeHeapSize
 .text.prvHeapInit
                0x080009b4       0xc4 FreeRTOS_Source\portable\MemMang\heap_4.o
 .text.prvInsertBlockIntoFreeList
                0x08000a78       0xb4 FreeRTOS_Source\portable\MemMang\heap_4.o
 .text.xQueueGenericReset
                0x08000b2c       0xd0 FreeRTOS_Source\queue.o
                0x08000b2c                xQueueGenericReset
 .text.xQueueGenericCreate
                0x08000bfc       0x72 FreeRTOS_Source\queue.o
                0x08000bfc                xQueueGenericCreate
 .text.prvInitialiseNewQueue
                0x08000c6e       0x3e FreeRTOS_Source\queue.o
 .text.xQueueGenericSend
                0x08000cac      0x1f4 FreeRTOS_Source\queue.o
                0x08000cac                xQueueGenericSend
 .text.xQueueGenericSendFromISR
                0x08000ea0      0x128 FreeRTOS_Source\queue.o
                0x08000ea0                xQueueGenericSendFromISR
 .text.xQueueGenericReceive
                0x08000fc8      0x224 FreeRTOS_Source\queue.o
                0x08000fc8                xQueueGenericReceive
 .text.prvCopyDataToQueue
                0x080011ec       0xd4 FreeRTOS_Source\queue.o
 .text.prvCopyDataFromQueue
                0x080012c0       0x4c FreeRTOS_Source\queue.o
 .text.prvUnlockQueue
                0x0800130c       0xa4 FreeRTOS_Source\queue.o
 .text.prvIsQueueEmpty
                0x080013b0       0x2c FreeRTOS_Source\queue.o
 .text.prvIsQueueFull
                0x080013dc       0x30 FreeRTOS_Source\queue.o
 .text.vQueueAddToRegistry
                0x0800140c       0x50 FreeRTOS_Source\queue.o
                0x0800140c                vQueueAddToRegistry
 .text.vQueueWaitForMessageRestricted
                0x0800145c       0x68 FreeRTOS_Source\queue.o
                0x0800145c                vQueueWaitForMessageRestricted
 .text.xTaskCreate
                0x080014c4       0x82 FreeRTOS_Source\tasks.o
                0x080014c4                xTaskCreate
 .text.prvInitialiseNewTask
                0x08001546      0x10c FreeRTOS_Source\tasks.o
 *fill*         0x08001652        0x2 
 .text.prvAddNewTaskToReadyList
                0x08001654       0xd4 FreeRTOS_Source\tasks.o
 .text.vTaskDelete
                0x08001728      0x11c FreeRTOS_Source\tasks.o
                0x08001728                vTaskDelete
 .text.vTaskPrioritySet
                0x08001844      0x15c FreeRTOS_Source\tasks.o
                0x08001844                vTaskPrioritySet
 .text.vTaskSuspend
                0x080019a0      0x110 FreeRTOS_Source\tasks.o
                0x080019a0                vTaskSuspend
 .text.vTaskStartScheduler
                0x08001ab0       0x98 FreeRTOS_Source\tasks.o
                0x08001ab0                vTaskStartScheduler
 .text.vTaskSuspendAll
                0x08001b48       0x1c FreeRTOS_Source\tasks.o
                0x08001b48                vTaskSuspendAll
 .text.xTaskResumeAll
                0x08001b64      0x138 FreeRTOS_Source\tasks.o
                0x08001b64                xTaskResumeAll
 .text.xTaskGetTickCount
                0x08001c9c       0x20 FreeRTOS_Source\tasks.o
                0x08001c9c                xTaskGetTickCount
 .text.xTaskIncrementTick
                0x08001cbc      0x178 FreeRTOS_Source\tasks.o
                0x08001cbc                xTaskIncrementTick
 .text.vTaskSwitchContext
                0x08001e34      0x100 FreeRTOS_Source\tasks.o
                0x08001e34                vTaskSwitchContext
 .text.vTaskPlaceOnEventList
                0x08001f34       0x48 FreeRTOS_Source\tasks.o
                0x08001f34                vTaskPlaceOnEventList
 .text.vTaskPlaceOnEventListRestricted
                0x08001f7c       0x54 FreeRTOS_Source\tasks.o
                0x08001f7c                vTaskPlaceOnEventListRestricted
 .text.xTaskRemoveFromEventList
                0x08001fd0       0xc4 FreeRTOS_Source\tasks.o
                0x08001fd0                xTaskRemoveFromEventList
 .text.vTaskSetTimeOutState
                0x08002094       0x48 FreeRTOS_Source\tasks.o
                0x08002094                vTaskSetTimeOutState
 .text.xTaskCheckForTimeOut
                0x080020dc       0xbc FreeRTOS_Source\tasks.o
                0x080020dc                xTaskCheckForTimeOut
 .text.vTaskMissedYield
                0x08002198       0x18 FreeRTOS_Source\tasks.o
                0x08002198                vTaskMissedYield
 .text.prvIdleTask
                0x080021b0       0x34 FreeRTOS_Source\tasks.o
 .text.prvInitialiseTaskLists
                0x080021e4       0x80 FreeRTOS_Source\tasks.o
 .text.prvCheckTasksWaitingTermination
                0x08002264       0x78 FreeRTOS_Source\tasks.o
 .text.prvDeleteTCB
                0x080022dc       0x20 FreeRTOS_Source\tasks.o
 .text.prvResetNextTaskUnblockTime
                0x080022fc       0x4c FreeRTOS_Source\tasks.o
 .text.xTaskGetCurrentTaskHandle
                0x08002348       0x20 FreeRTOS_Source\tasks.o
                0x08002348                xTaskGetCurrentTaskHandle
 .text.xTaskGetSchedulerState
                0x08002368       0x3c FreeRTOS_Source\tasks.o
                0x08002368                xTaskGetSchedulerState
 .text.vTaskPriorityInherit
                0x080023a4       0xec FreeRTOS_Source\tasks.o
                0x080023a4                vTaskPriorityInherit
 .text.xTaskPriorityDisinherit
                0x08002490      0x108 FreeRTOS_Source\tasks.o
                0x08002490                xTaskPriorityDisinherit
 .text.pvTaskIncrementMutexHeldCount
                0x08002598       0x28 FreeRTOS_Source\tasks.o
                0x08002598                pvTaskIncrementMutexHeldCount
 .text.prvAddCurrentTaskToDelayedList
                0x080025c0       0xcc FreeRTOS_Source\tasks.o
 .text.xTimerCreateTimerTask
                0x0800268c       0x64 FreeRTOS_Source\timers.o
                0x0800268c                xTimerCreateTimerTask
 .text.xTimerCreate
                0x080026f0       0x3a FreeRTOS_Source\timers.o
                0x080026f0                xTimerCreate
 .text.prvInitialiseNewTimer
                0x0800272a       0x62 FreeRTOS_Source\timers.o
 .text.xTimerGenericCommand
                0x0800278c       0x98 FreeRTOS_Source\timers.o
                0x0800278c                xTimerGenericCommand
 .text.prvProcessExpiredTimer
                0x08002824       0x80 FreeRTOS_Source\timers.o
 .text.prvTimerTask
                0x080028a4       0x24 FreeRTOS_Source\timers.o
 .text.prvProcessTimerOrBlockTask
                0x080028c8       0x9c FreeRTOS_Source\timers.o
 .text.prvGetNextExpireTime
                0x08002964       0x48 FreeRTOS_Source\timers.o
 .text.prvSampleTimeNow
                0x080029ac       0x40 FreeRTOS_Source\timers.o
 .text.prvInsertTimerInActiveList
                0x080029ec       0x84 FreeRTOS_Source\timers.o
 .text.prvProcessReceivedCommands
                0x08002a70      0x124 FreeRTOS_Source\timers.o
 .text.prvSwitchTimerLists
                0x08002b94       0xc0 FreeRTOS_Source\timers.o
 .text.prvCheckForValidListAndQueue
                0x08002c54       0x6c FreeRTOS_Source\timers.o
 .text.DAC_SetChannel1Data
                0x08002cc0       0x38 Libraries\STM32F4xx_StdPeriph_Driver\src\stm32f4xx_dac.o
                0x08002cc0                DAC_SetChannel1Data
 .text.DMA_Init
                0x08002cf8       0xb0 Libraries\STM32F4xx_StdPeriph_Driver\src\stm32f4xx_dma.o
                0x08002cf8                DMA_Init
 .text.DMA_Cmd  0x08002da8       0x38 Libraries\STM32F4xx_StdPeriph_Driver\src\stm32f4xx_dma.o
                0x08002da8                DMA_Cmd
 .text.DMA_GetCmdStatus
                0x08002de0       0x30 Libraries\STM32F4xx_StdPeriph_Driver\src\stm32f4xx_dma.o
                0x08002de0                DMA_GetCmdStatus
 .text.DMA_GetFlagStatus
                0x08002e10       0x78 Libraries\STM32F4xx_StdPeriph_Driver\src\stm32f4xx_dma.o
                0x08002e10                DMA_GetFlagStatus
 .text.DMA_ClearFlag
                0x08002e88       0x5c Libraries\STM32F4xx_StdPeriph_Driver\src\stm32f4xx_dma.o
                0x08002e88                DMA_ClearFlag
 .text.RCC_AHB1PeriphClockCmd
                0x08002ee4       0x40 Libraries\STM32F4xx_StdPeriph_Driver\src\stm32f4xx_rcc.o
                0x08002ee4                RCC_AHB1PeriphClockCmd
 .text.RCC_APB2PeriphClockCmd
                0x08002f24       0x40 Libraries\STM32F4xx_StdPeriph_Driver\src\stm32f4xx_rcc.o
                0x08002f24                RCC_APB2PeriphClockCmd
 .text.SPI_I2S_SendData
                0x08002f64       0x1e Libraries\STM32F4xx_StdPeriph_Driver\src\stm32f4xx_spi.o
                0x08002f64                SPI_I2S_SendData
 .text.SPI_I2S_GetFlagStatus
                0x08002f82       0x38 Libraries\STM32F4xx_StdPeriph_Driver\src\stm32f4xx_spi.o
                0x08002f82                SPI_I2S_GetFlagStatus
 *fill*         0x08002fba        0x2 
 .text.Audio_MAL_IRQHandler
                0x08002fbc      0x100 Utilities\STM32F4-Discovery\stm32f4_discovery_audio_codec.o
 .text.DMA1_Stream7_IRQHandler
                0x080030bc        0xc Utilities\STM32F4-Discovery\stm32f4_discovery_audio_codec.o
                0x080030bc                DMA1_Stream7_IRQHandler
 .text.DMA1_Stream0_IRQHandler
                0x080030c8        0xc Utilities\STM32F4-Discovery\stm32f4_discovery_audio_codec.o
                0x080030c8                DMA1_Stream0_IRQHandler
 .text.SPI3_IRQHandler
                0x080030d4       0x44 Utilities\STM32F4-Discovery\stm32f4_discovery_audio_codec.o
                0x080030d4                SPI3_IRQHandler
 .text.EVAL_AUDIO_TransferComplete_CallBack
                0x08003118       0x16 src\STM32F4-Discovery_callback.o
                0x08003118                EVAL_AUDIO_TransferComplete_CallBack
 .text.EVAL_AUDIO_GetSampleCallBack
                0x0800312e       0x10 src\STM32F4-Discovery_callback.o
                0x0800312e                EVAL_AUDIO_GetSampleCallBack
 .text.dd_list_init
                0x0800313e       0x1a src\dd_task_list.o
                0x0800313e                dd_list_init
 .text.dd_list_insert_sort
                0x08003158       0xe0 src\dd_task_list.o
                0x08003158                dd_list_insert_sort
 .text.dd_list_remove
                0x08003238       0x56 src\dd_task_list.o
                0x08003238                dd_list_remove
 .text.dd_list_peek_head
                0x0800328e       0x24 src\dd_task_list.o
                0x0800328e                dd_list_peek_head
 .text.dd_list_find
                0x080032b2       0x3a src\dd_task_list.o
                0x080032b2                dd_list_find
 .text.dd_count_list
                0x080032ec       0x34 src\dd_task_list.o
                0x080032ec                dd_count_list
 .text.NVIC_SetPriorityGrouping
                0x08003320       0x48 src\main.o
 .text.prvTask1TimerCallback
                0x08003368       0x2c src\main.o
                0x08003368                prvTask1TimerCallback
 .text.prvTask2TimerCallback
                0x08003394       0x2c src\main.o
                0x08003394                prvTask2TimerCallback
 .text.prvTask3TimerCallback
                0x080033c0       0x2c src\main.o
                0x080033c0                prvTask3TimerCallback
 .text.prvMonitorTimerCallback
                0x080033ec       0x84 src\main.o
                0x080033ec                prvMonitorTimerCallback
 .text.main     0x08003470      0x2c4 src\main.o
                0x08003470                main
 .text.complete_dd_task
                0x08003734       0xe8 src\main.o
 .text.drop_overdue_active_tasks
                0x0800381c       0xb8 src\main.o
 .text.get_active_dd_task_list
                0x080038d4       0x24 src\main.o
 .text.get_overdue_dd_task_list
                0x080038f8       0x24 src\main.o
 .text.get_completed_dd_task_list
                0x0800391c       0x24 src\main.o
 .text.release_dd_task
                0x08003940       0xd8 src\main.o
 .text.DDSchedulertask
                0x08003a18      0x10c src\main.o
 .text.create_dd_task
                0x08003b24       0x64 src\main.o
                0x08003b24                create_dd_task
 .text.DDGeneratorTask
                0x08003b88      0x160 src\main.o
 .text.DDSMonitorTask
                0x08003ce8       0x8c src\main.o
 .text.simulate_exec
                0x08003d74       0x7c src\main.o
 .text.notify_done_and_suspend
                0x08003df0       0x68 src\main.o
 .text.OneTask  0x08003e58       0x20 src\main.o
 .text.TwoTask  0x08003e78       0x20 src\main.o
 .text.ThreeTask
                0x08003e98       0x20 src\main.o
 .text.vApplicationMallocFailedHook
                0x08003eb8        0x6 src\main.o
                0x08003eb8                vApplicationMallocFailedHook
 .text.vApplicationStackOverflowHook
                0x08003ebe        0xc src\main.o
                0x08003ebe                vApplicationStackOverflowHook
 .text.vApplicationIdleHook
                0x08003eca       0x18 src\main.o
                0x08003eca                vApplicationIdleHook
 .text.prvSetupHardware
                0x08003ee2        0xe src\main.o
 .text.Reset_Handler
                0x08003ef0       0x48 src\startup_stm32f4xx.o
                0x08003ef0                Reset_Handler
 .text.Default_Handler
                0x08003f38        0x2 src\startup_stm32f4xx.o
                0x08003f38                RTC_Alarm_IRQHandler
                0x08003f38                HASH_RNG_IRQHandler
                0x08003f38                EXTI2_IRQHandler
                0x08003f38                TIM8_CC_IRQHandler
                0x08003f38                TIM1_CC_IRQHandler
                0x08003f38                DMA2_Stream5_IRQHandler
                0x08003f38                DMA1_Stream5_IRQHandler
                0x08003f38                PVD_IRQHandler
                0x08003f38                SDIO_IRQHandler
                0x08003f38                TAMP_STAMP_IRQHandler
                0x08003f38                CAN2_RX1_IRQHandler
                0x08003f38                EXTI3_IRQHandler
                0x08003f38                TIM8_TRG_COM_TIM14_IRQHandler
                0x08003f38                TIM1_UP_TIM10_IRQHandler
                0x08003f38                TIM8_UP_TIM13_IRQHandler
                0x08003f38                I2C3_ER_IRQHandler
                0x08003f38                EXTI0_IRQHandler
                0x08003f38                I2C2_EV_IRQHandler
                0x08003f38                DMA1_Stream2_IRQHandler
                0x08003f38                CAN1_RX0_IRQHandler
                0x08003f38                FPU_IRQHandler
                0x08003f38                OTG_HS_WKUP_IRQHandler
                0x08003f38                CAN2_SCE_IRQHandler
                0x08003f38                DMA2_Stream2_IRQHandler
                0x08003f38                SPI1_IRQHandler
                0x08003f38                TIM6_DAC_IRQHandler
                0x08003f38                TIM1_BRK_TIM9_IRQHandler
                0x08003f38                DCMI_IRQHandler
                0x08003f38                CAN2_RX0_IRQHandler
                0x08003f38                DMA2_Stream3_IRQHandler
                0x08003f38                USART6_IRQHandler
                0x08003f38                USART3_IRQHandler
                0x08003f38                CRYP_IRQHandler
                0x08003f38                CAN1_RX1_IRQHandler
                0x08003f38                UART5_IRQHandler
                0x08003f38                DMA2_Stream0_IRQHandler
                0x08003f38                TIM4_IRQHandler
                0x08003f38                I2C1_EV_IRQHandler
                0x08003f38                DMA1_Stream6_IRQHandler
                0x08003f38                DMA1_Stream1_IRQHandler
                0x08003f38                UART4_IRQHandler
                0x08003f38                TIM3_IRQHandler
                0x08003f38                RCC_IRQHandler
                0x08003f38                TIM8_BRK_TIM12_IRQHandler
                0x08003f38                Default_Handler
                0x08003f38                EXTI15_10_IRQHandler
                0x08003f38                ADC_IRQHandler
                0x08003f38                TIM7_IRQHandler
                0x08003f38                CAN2_TX_IRQHandler
                0x08003f38                TIM5_IRQHandler
                0x08003f38                DMA2_Stream7_IRQHandler
                0x08003f38                I2C3_EV_IRQHandler
                0x08003f38                EXTI9_5_IRQHandler
                0x08003f38                RTC_WKUP_IRQHandler
                0x08003f38                ETH_WKUP_IRQHandler
                0x08003f38                SPI2_IRQHandler
                0x08003f38                OTG_HS_EP1_IN_IRQHandler
                0x08003f38                CAN1_TX_IRQHandler
                0x08003f38                EXTI4_IRQHandler
                0x08003f38                FSMC_IRQHandler
                0x08003f38                ETH_IRQHandler
                0x08003f38                OTG_HS_EP1_OUT_IRQHandler
                0x08003f38                WWDG_IRQHandler
                0x08003f38                TIM2_IRQHandler
                0x08003f38                OTG_FS_WKUP_IRQHandler
                0x08003f38                TIM1_TRG_COM_TIM11_IRQHandler
                0x08003f38                OTG_HS_IRQHandler
                0x08003f38                EXTI1_IRQHandler
                0x08003f38                USART2_IRQHandler
                0x08003f38                I2C2_ER_IRQHandler
                0x08003f38                DMA2_Stream1_IRQHandler
                0x08003f38                CAN1_SCE_IRQHandler
                0x08003f38                FLASH_IRQHandler
                0x08003f38                DMA2_Stream4_IRQHandler
                0x08003f38                USART1_IRQHandler
                0x08003f38                OTG_FS_IRQHandler
                0x08003f38                DMA1_Stream4_IRQHandler
                0x08003f38                I2C1_ER_IRQHandler
                0x08003f38                DMA2_Stream6_IRQHandler
                0x08003f38                DMA1_Stream3_IRQHandler
 .text.NMI_Handler
                0x08003f3a        0xe src\stm32f4xx_it.o
                0x08003f3a                NMI_Handler
 .text.HardFault_Handler
                0x08003f48        0x6 src\stm32f4xx_it.o
                0x08003f48                HardFault_Handler
 .text.MemManage_Handler
                0x08003f4e        0x6 src\stm32f4xx_it.o
                0x08003f4e                MemManage_Handler
 .text.BusFault_Handler
                0x08003f54        0x6 src\stm32f4xx_it.o
                0x08003f54                BusFault_Handler
 .text.UsageFault_Handler
                0x08003f5a        0x6 src\stm32f4xx_it.o
                0x08003f5a                UsageFault_Handler
 .text.DebugMon_Handler
                0x08003f60        0xe src\stm32f4xx_it.o
                0x08003f60                DebugMon_Handler
 *fill*         0x08003f6e        0x2 
 .text.ITM_SendChar
                0x08003f70       0x5c src\syscalls.o
 .text._write   0x08003fcc       0x3c src\syscalls.o
                0x08003fcc                _write
 .text._sbrk    0x08004008       0x40 src\syscalls.o
                0x08004008                _sbrk
 .text._close   0x08004048       0x24 src\syscalls.o
                0x08004048                _close
 .text._fstat   0x0800406c       0x24 src\syscalls.o
                0x0800406c                _fstat
 .text._isatty  0x08004090       0x20 src\syscalls.o
                0x08004090                _isatty
 .text._lseek   0x080040b0       0x28 src\syscalls.o
                0x080040b0                _lseek
 .text._read    0x080040d8       0x28 src\syscalls.o
                0x080040d8                _read
 .text.SystemInit
                0x08004100       0x6c src\system_stm32f4xx.o
                0x08004100                SystemInit
 .text.SetSysClock
                0x0800416c       0xf8 src\system_stm32f4xx.o
 .text.ts_itoa  0x08004264       0x92 src\tiny_printf.o
                0x08004264                ts_itoa
 .text.ts_formatstring
                0x080042f6      0x12e src\tiny_printf.o
                0x080042f6                ts_formatstring
 .text.ts_formatlength
                0x08004424      0x12c src\tiny_printf.o
                0x08004424                ts_formatlength
 .text.printf   0x08004550       0x92 src\tiny_printf.o
                0x08004550                printf
 *fill*         0x080045e2        0x2 
 .text.__libc_init_array
                0x080045e4       0x48 c:/program files (x86)/atollic/truestudio for stm32 9.1.0/armtools/bin/../lib/gcc/arm-atollic-eabi/6.3.1/../../../../arm-atollic-eabi/lib/armv7e-m/softfp\libc_nano.a(lib_a-init.o)
                0x080045e4                __libc_init_array
 .text.memcpy   0x0800462c       0x16 c:/program files (x86)/atollic/truestudio for stm32 9.1.0/armtools/bin/../lib/gcc/arm-atollic-eabi/6.3.1/../../../../arm-atollic-eabi/lib/armv7e-m/softfp\libc_nano.a(lib_a-memcpy-stub.o)
                0x0800462c                memcpy
 .text.memset   0x08004642       0x10 c:/program files (x86)/atollic/truestudio for stm32 9.1.0/armtools/bin/../lib/gcc/arm-atollic-eabi/6.3.1/../../../../arm-atollic-eabi/lib/armv7e-m/softfp\libc_nano.a(lib_a-memset.o)
                0x08004642                memset
 *fill*         0x08004652        0x2 
 .text._puts_r  0x08004654       0xb8 c:/program files (x86)/atollic/truestudio for stm32 9.1.0/armtools/bin/../lib/gcc/arm-atollic-eabi/6.3.1/../../../../arm-atollic-eabi/lib/armv7e-m/softfp\libc_nano.a(lib_a-puts.o)
                0x08004654                _puts_r
 .text.puts     0x0800470c       0x10 c:/program files (x86)/atollic/truestudio for stm32 9.1.0/armtools/bin/../lib/gcc/arm-atollic-eabi/6.3.1/../../../../arm-atollic-eabi/lib/armv7e-m/softfp\libc_nano.a(lib_a-puts.o)
                0x0800470c                puts
 .text.__swbuf_r
                0x0800471c       0xa4 c:/program files (x86)/atollic/truestudio for stm32 9.1.0/armtools/bin/../lib/gcc/arm-atollic-eabi/6.3.1/../../../../arm-atollic-eabi/lib/armv7e-m/softfp\libc_nano.a(lib_a-wbuf.o)
                0x0800471c                __swbuf_r
 .text.__swsetup_r
                0x080047c0       0xdc c:/program files (x86)/atollic/truestudio for stm32 9.1.0/armtools/bin/../lib/gcc/arm-atollic-eabi/6.3.1/../../../../arm-atollic-eabi/lib/armv7e-m/softfp\libc_nano.a(lib_a-wsetup.o)
                0x080047c0                __swsetup_r
 .text.__sflush_r
                0x0800489c      0x110 c:/program files (x86)/atollic/truestudio for stm32 9.1.0/armtools/bin/../lib/gcc/arm-atollic-eabi/6.3.1/../../../../arm-atollic-eabi/lib/armv7e-m/softfp\libc_nano.a(lib_a-fflush.o)
                0x0800489c                __sflush_r
 .text._fflush_r
                0x080049ac       0x54 c:/program files (x86)/atollic/truestudio for stm32 9.1.0/armtools/bin/../lib/gcc/arm-atollic-eabi/6.3.1/../../../../arm-atollic-eabi/lib/armv7e-m/softfp\libc_nano.a(lib_a-fflush.o)
                0x080049ac                _fflush_r
 .text._cleanup_r
                0x08004a00        0xc c:/program files (x86)/atollic/truestudio for stm32 9.1.0/armtools/bin/../lib/gcc/arm-atollic-eabi/6.3.1/../../../../arm-atollic-eabi/lib/armv7e-m/softfp\libc_nano.a(lib_a-findfp.o)
                0x08004a00                _cleanup_r
 .text.std.isra.0
                0x08004a0c       0x48 c:/program files (x86)/atollic/truestudio for stm32 9.1.0/armtools/bin/../lib/gcc/arm-atollic-eabi/6.3.1/../../../../arm-atollic-eabi/lib/armv7e-m/softfp\libc_nano.a(lib_a-findfp.o)
 .text.__sfmoreglue
                0x08004a54       0x2c c:/program files (x86)/atollic/truestudio for stm32 9.1.0/armtools/bin/../lib/gcc/arm-atollic-eabi/6.3.1/../../../../arm-atollic-eabi/lib/armv7e-m/softfp\libc_nano.a(lib_a-findfp.o)
                0x08004a54                __sfmoreglue
 .text.__sinit  0x08004a80       0x60 c:/program files (x86)/atollic/truestudio for stm32 9.1.0/armtools/bin/../lib/gcc/arm-atollic-eabi/6.3.1/../../../../arm-atollic-eabi/lib/armv7e-m/softfp\libc_nano.a(lib_a-findfp.o)
                0x08004a80                __sinit
 .text.__sfp    0x08004ae0       0x78 c:/program files (x86)/atollic/truestudio for stm32 9.1.0/armtools/bin/../lib/gcc/arm-atollic-eabi/6.3.1/../../../../arm-atollic-eabi/lib/armv7e-m/softfp\libc_nano.a(lib_a-findfp.o)
                0x08004ae0                __sfp
 .text._fwalk_reent
                0x08004b58       0x3c c:/program files (x86)/atollic/truestudio for stm32 9.1.0/armtools/bin/../lib/gcc/arm-atollic-eabi/6.3.1/../../../../arm-atollic-eabi/lib/armv7e-m/softfp\libc_nano.a(lib_a-fwalk.o)
                0x08004b58                _fwalk_reent
 .text.__swhatbuf_r
                0x08004b94       0x48 c:/program files (x86)/atollic/truestudio for stm32 9.1.0/armtools/bin/../lib/gcc/arm-atollic-eabi/6.3.1/../../../../arm-atollic-eabi/lib/armv7e-m/softfp\libc_nano.a(lib_a-makebuf.o)
                0x08004b94                __swhatbuf_r
 .text.__smakebuf_r
                0x08004bdc       0x80 c:/program files (x86)/atollic/truestudio for stm32 9.1.0/armtools/bin/../lib/gcc/arm-atollic-eabi/6.3.1/../../../../arm-atollic-eabi/lib/armv7e-m/softfp\libc_nano.a(lib_a-makebuf.o)
                0x08004bdc                __smakebuf_r
 .text._free_r  0x08004c5c       0x9c c:/program files (x86)/atollic/truestudio for stm32 9.1.0/armtools/bin/../lib/gcc/arm-atollic-eabi/6.3.1/../../../../arm-atollic-eabi/lib/armv7e-m/softfp\libc_nano.a(lib_a-nano-freer.o)
                0x08004c5c                _free_r
 .text._malloc_r
                0x08004cf8       0xbc c:/program files (x86)/atollic/truestudio for stm32 9.1.0/armtools/bin/../lib/gcc/arm-atollic-eabi/6.3.1/../../../../arm-atollic-eabi/lib/armv7e-m/softfp\libc_nano.a(lib_a-nano-mallocr.o)
                0x08004cf8                _malloc_r
 .text._sbrk_r  0x08004db4       0x20 c:/program files (x86)/atollic/truestudio for stm32 9.1.0/armtools/bin/../lib/gcc/arm-atollic-eabi/6.3.1/../../../../arm-atollic-eabi/lib/armv7e-m/softfp\libc_nano.a(lib_a-sbrkr.o)
                0x08004db4                _sbrk_r
 .text.__sread  0x08004dd4       0x22 c:/program files (x86)/atollic/truestudio for stm32 9.1.0/armtools/bin/../lib/gcc/arm-atollic-eabi/6.3.1/../../../../arm-atollic-eabi/lib/armv7e-m/softfp\libc_nano.a(lib_a-stdio.o)
                0x08004dd4                __sread
 .text.__swrite
                0x08004df6       0x38 c:/program files (x86)/atollic/truestudio for stm32 9.1.0/armtools/bin/../lib/gcc/arm-atollic-eabi/6.3.1/../../../../arm-atollic-eabi/lib/armv7e-m/softfp\libc_nano.a(lib_a-stdio.o)
                0x08004df6                __swrite
 .text.__sseek  0x08004e2e       0x24 c:/program files (x86)/atollic/truestudio for stm32 9.1.0/armtools/bin/../lib/gcc/arm-atollic-eabi/6.3.1/../../../../arm-atollic-eabi/lib/armv7e-m/softfp\libc_nano.a(lib_a-stdio.o)
                0x08004e2e                __sseek
 .text.__sclose
                0x08004e52        0x8 c:/program files (x86)/atollic/truestudio for stm32 9.1.0/armtools/bin/../lib/gcc/arm-atollic-eabi/6.3.1/../../../../arm-atollic-eabi/lib/armv7e-m/softfp\libc_nano.a(lib_a-stdio.o)
                0x08004e52                __sclose
 *fill*         0x08004e5a        0x2 
 .text._write_r
                0x08004e5c       0x24 c:/program files (x86)/atollic/truestudio for stm32 9.1.0/armtools/bin/../lib/gcc/arm-atollic-eabi/6.3.1/../../../../arm-atollic-eabi/lib/armv7e-m/softfp\libc_nano.a(lib_a-writer.o)
                0x08004e5c                _write_r
 .text._close_r
                0x08004e80       0x20 c:/program files (x86)/atollic/truestudio for stm32 9.1.0/armtools/bin/../lib/gcc/arm-atollic-eabi/6.3.1/../../../../arm-atollic-eabi/lib/armv7e-m/softfp\libc_nano.a(lib_a-closer.o)
                0x08004e80                _close_r
 .text._fstat_r
                0x08004ea0       0x24 c:/program files (x86)/atollic/truestudio for stm32 9.1.0/armtools/bin/../lib/gcc/arm-atollic-eabi/6.3.1/../../../../arm-atollic-eabi/lib/armv7e-m/softfp\libc_nano.a(lib_a-fstatr.o)
                0x08004ea0                _fstat_r
 .text._isatty_r
                0x08004ec4       0x20 c:/program files (x86)/atollic/truestudio for stm32 9.1.0/armtools/bin/../lib/gcc/arm-atollic-eabi/6.3.1/../../../../arm-atollic-eabi/lib/armv7e-m/softfp\libc_nano.a(lib_a-isattyr.o)
                0x08004ec4                _isatty_r
 .text._lseek_r
                0x08004ee4       0x24 c:/program files (x86)/atollic/truestudio for stm32 9.1.0/armtools/bin/../lib/gcc/arm-atollic-eabi/6.3.1/../../../../arm-atollic-eabi/lib/armv7e-m/softfp\libc_nano.a(lib_a-lseekr.o)
                0x08004ee4                _lseek_r
 .text.__malloc_lock
                0x08004f08        0x2 c:/program files (x86)/atollic/truestudio for stm32 9.1.0/armtools/bin/../lib/gcc/arm-atollic-eabi/6.3.1/../../../../arm-atollic-eabi/lib/armv7e-m/softfp\libc_nano.a(lib_a-mlock.o)
                0x08004f08                __malloc_lock
 .text.__malloc_unlock
                0x08004f0a        0x2 c:/program files (x86)/atollic/truestudio for stm32 9.1.0/armtools/bin/../lib/gcc/arm-atollic-eabi/6.3.1/../../../../arm-atollic-eabi/lib/armv7e-m/softfp\libc_nano.a(lib_a-mlock.o)
                0x08004f0a                __malloc_unlock
 .text._read_r  0x08004f0c       0x24 c:/program files (x86)/atollic/truestudio for stm32 9.1.0/armtools/bin/../lib/gcc/arm-atollic-eabi/6.3.1/../../../../arm-atollic-eabi/lib/armv7e-m/softfp\libc_nano.a(lib_a-readr.o)
                0x08004f0c                _read_r
 *(.rodata)
 .rodata        0x08004f30        0x5 FreeRTOS_Source\tasks.o
 *fill*         0x08004f35        0x3 
 .rodata        0x08004f38        0xd FreeRTOS_Source\timers.o
 *fill*         0x08004f45        0x3 
 .rodata        0x08004f48      0x280 src\main.o
 *(.rodata*)
 .rodata.__sf_fake_stderr
                0x080051c8       0x20 c:/program files (x86)/atollic/truestudio for stm32 9.1.0/armtools/bin/../lib/gcc/arm-atollic-eabi/6.3.1/../../../../arm-atollic-eabi/lib/armv7e-m/softfp\libc_nano.a(lib_a-findfp.o)
                0x080051c8                __sf_fake_stderr
 .rodata.__sf_fake_stdin
                0x080051e8       0x20 c:/program files (x86)/atollic/truestudio for stm32 9.1.0/armtools/bin/../lib/gcc/arm-atollic-eabi/6.3.1/../../../../arm-atollic-eabi/lib/armv7e-m/softfp\libc_nano.a(lib_a-findfp.o)
                0x080051e8                __sf_fake_stdin
 .rodata.__sf_fake_stdout
                0x08005208       0x20 c:/program files (x86)/atollic/truestudio for stm32 9.1.0/armtools/bin/../lib/gcc/arm-atollic-eabi/6.3.1/../../../../arm-atollic-eabi/lib/armv7e-m/softfp\libc_nano.a(lib_a-findfp.o)
                0x08005208                __sf_fake_stdout
 .rodata._global_impure_ptr
                0x08005228        0x4 c:/program files (x86)/atollic/truestudio for stm32 9.1.0/armtools/bin/../lib/gcc/arm-atollic-eabi/6.3.1/../../../../arm-atollic-eabi/lib/armv7e-m/softfp\libc_nano.a(lib_a-impure.o)
                0x08005228                _global_impure_ptr
 *(.glue_7)
 .glue_7        0x0800522c        0x0 linker stubs
 *(.glue_7t)
 .glue_7t       0x0800522c        0x0 linker stubs
 *(.eh_frame)
 .eh_frame      0x0800522c        0x0 c:/program files (x86)/atollic/truestudio for stm32 9.1.0/armtools/bin/../lib/gcc/arm-atollic-eabi/6.3.1/armv7e-m/softfp/crtbegin.o
 *(.init)
 .init          0x0800522c        0x4 c:/program files (x86)/atollic/truestudio for stm32 9.1.0/armtools/bin/../lib/gcc/arm-atollic-eabi/6.3.1/armv7e-m/softfp/crti.o
                0x0800522c                _init
 .init          0x08005230        0x8 c:/program files (x86)/atollic/truestudio for stm32 9.1.0/armtools/bin/../lib/gcc/arm-atollic-eabi/6.3.1/armv7e-m/softfp/crtn.o
 *(.fini)
 .fini          0x08005238        0x4 c:/program files (x86)/atollic/truestudio for stm32 9.1.0/armtools/bin/../lib/gcc/arm-atollic-eabi/6.3.1/armv7e-m/softfp/crti.o
                0x08005238                _fini
 .fini          0x0800523c        0x8 c:/program files (x86)/atollic/truestudio for stm32 9.1.0/armtools/bin/../lib/gcc/arm-atollic-eabi/6.3.1/armv7e-m/softfp/crtn.o
                0x08005244                . = ALIGN (0x4)
                0x08005244                _etext = .

.vfp11_veneer   0x08005244        0x0
 .vfp11_veneer  0x08005244        0x0 linker stubs

.v4_bx          0x08005244        0x0
 .v4_bx         0x08005244        0x0 linker stubs

.iplt           0x08005244        0x0
 .iplt          0x08005244        0x0 c:/program files (x86)/atollic/truestudio for stm32 9.1.0/armtools/bin/../lib/gcc/arm-atollic-eabi/6.3.1/armv7e-m/softfp/crtbegin.o

.rel.dyn        0x08005244        0x0
 .rel.iplt      0x08005244        0x0 c:/program files (x86)/atollic/truestudio for stm32 9.1.0/armtools/bin/../lib/gcc/arm-atollic-eabi/6.3.1/armv7e-m/softfp/crtbegin.o

.ARM.extab
 *(.ARM.extab* .gnu.linkonce.armextab.*)

.ARM            0x08005244        0x0
                0x08005244                __exidx_start = .
 *(.ARM.exidx*)
                0x08005244                __exidx_end = .

.preinit_array  0x08005244        0x0
                0x08005244                PROVIDE (__preinit_array_start, .)
 *(.preinit_array*)
                0x08005244                PROVIDE (__preinit_array_end, .)

.init_array     0x08005244        0x4
                0x08005244                PROVIDE (__init_array_start, .)
 *(SORT(.init_array.*))
 *(.init_array*)
 .init_array    0x08005244        0x4 c:/program files (x86)/atollic/truestudio for stm32 9.1.0/armtools/bin/../lib/gcc/arm-atollic-eabi/6.3.1/armv7e-m/softfp/crtbegin.o
                0x08005248                PROVIDE (__init_array_end, .)

.fini_array     0x08005248        0x4
                [!provide]                PROVIDE (__fini_array_start, .)
 *(SORT(.fini_array.*))
 *(.fini_array*)
 .fini_array    0x08005248        0x4 c:/program files (x86)/atollic/truestudio for stm32 9.1.0/armtools/bin/../lib/gcc/arm-atollic-eabi/6.3.1/armv7e-m/softfp/crtbegin.o
                [!provide]                PROVIDE (__fini_array_end, .)
                0x0800524c                _sidata = LOADADDR (.data)

.data           0x20000000       0x8c load address 0x0800524c
                0x20000000                . = ALIGN (0x4)
                0x20000000                _sdata = .
 *(.data)
 *(.data*)
 .data.uxCriticalNesting
                0x20000000        0x4 FreeRTOS_Source\portable\GCC\ARM_CM4F\port.o
 .data.AudioRemSize
                0x20000004        0x4 Utilities\STM32F4-Discovery\stm32f4_discovery_audio_codec.o
                0x20000004                AudioRemSize
 .data.CurrAudioInterface
                0x20000008        0x4 Utilities\STM32F4-Discovery\stm32f4_discovery_audio_codec.o
                0x20000008                CurrAudioInterface
 .data.AUDIO_MAL_DMA_STREAM
                0x2000000c        0x4 Utilities\STM32F4-Discovery\stm32f4_discovery_audio_codec.o
                0x2000000c                AUDIO_MAL_DMA_STREAM
 .data.AUDIO_MAL_DMA_FLAG_TC
                0x20000010        0x4 Utilities\STM32F4-Discovery\stm32f4_discovery_audio_codec.o
                0x20000010                AUDIO_MAL_DMA_FLAG_TC
 .data.xTask1Interval
                0x20000014        0x4 src\main.o
                0x20000014                xTask1Interval
 .data.xTask2Interval
                0x20000018        0x4 src\main.o
                0x20000018                xTask2Interval
 .data.xTask3Interval
                0x2000001c        0x4 src\main.o
                0x2000001c                xTask3Interval
 .data.xMonitorInterval
                0x20000020        0x4 src\main.o
                0x20000020                xMonitorInterval
 .data.SystemCoreClock
                0x20000024        0x4 src\system_stm32f4xx.o
                0x20000024                SystemCoreClock
 .data._impure_ptr
                0x20000028        0x4 c:/program files (x86)/atollic/truestudio for stm32 9.1.0/armtools/bin/../lib/gcc/arm-atollic-eabi/6.3.1/../../../../arm-atollic-eabi/lib/armv7e-m/softfp\libc_nano.a(lib_a-impure.o)
                0x20000028                _impure_ptr
 .data.impure_data
                0x2000002c       0x60 c:/program files (x86)/atollic/truestudio for stm32 9.1.0/armtools/bin/../lib/gcc/arm-atollic-eabi/6.3.1/../../../../arm-atollic-eabi/lib/armv7e-m/softfp\libc_nano.a(lib_a-impure.o)
                0x2000008c                . = ALIGN (0x4)
                0x2000008c                _edata = .
                0x080052d8                _siccmram = LOADADDR (.ccmram)

.igot.plt       0x2000008c        0x0 load address 0x080052d8
 .igot.plt      0x2000008c        0x0 c:/program files (x86)/atollic/truestudio for stm32 9.1.0/armtools/bin/../lib/gcc/arm-atollic-eabi/6.3.1/armv7e-m/softfp/crtbegin.o

.ccmram         0x10000000        0x0 load address 0x080052d8
                0x10000000                . = ALIGN (0x4)
                0x10000000                _sccmram = .
 *(.ccmram)
 *(.ccmram*)
                0x10000000                . = ALIGN (0x4)
                0x10000000                _eccmram = .
                0x10000000                . = ALIGN (0x4)

.bss            0x2000008c     0x3a70
                0x2000008c                _sbss = .
                0x2000008c                __bss_start__ = _sbss
 *(.bss)
 .bss           0x2000008c       0x1c c:/program files (x86)/atollic/truestudio for stm32 9.1.0/armtools/bin/../lib/gcc/arm-atollic-eabi/6.3.1/armv7e-m/softfp/crtbegin.o
 *(.bss*)
 .bss.ucMaxSysCallPriority
                0x200000a8        0x1 FreeRTOS_Source\portable\GCC\ARM_CM4F\port.o
 *fill*         0x200000a9        0x3 
 .bss.ulMaxPRIGROUPValue
                0x200000ac        0x4 FreeRTOS_Source\portable\GCC\ARM_CM4F\port.o
 .bss.ucHeap    0x200000b0     0x3800 FreeRTOS_Source\portable\MemMang\heap_4.o
 .bss.xStart    0x200038b0        0x8 FreeRTOS_Source\portable\MemMang\heap_4.o
 .bss.pxEnd     0x200038b8        0x4 FreeRTOS_Source\portable\MemMang\heap_4.o
 .bss.xFreeBytesRemaining
                0x200038bc        0x4 FreeRTOS_Source\portable\MemMang\heap_4.o
 .bss.xMinimumEverFreeBytesRemaining
                0x200038c0        0x4 FreeRTOS_Source\portable\MemMang\heap_4.o
 .bss.xBlockAllocatedBit
                0x200038c4        0x4 FreeRTOS_Source\portable\MemMang\heap_4.o
 .bss.pxCurrentTCB
                0x200038c8        0x4 FreeRTOS_Source\tasks.o
                0x200038c8                pxCurrentTCB
 .bss.pxReadyTasksLists
                0x200038cc       0x64 FreeRTOS_Source\tasks.o
 .bss.xDelayedTaskList1
                0x20003930       0x14 FreeRTOS_Source\tasks.o
 .bss.xDelayedTaskList2
                0x20003944       0x14 FreeRTOS_Source\tasks.o
 .bss.pxDelayedTaskList
                0x20003958        0x4 FreeRTOS_Source\tasks.o
 .bss.pxOverflowDelayedTaskList
                0x2000395c        0x4 FreeRTOS_Source\tasks.o
 .bss.xPendingReadyList
                0x20003960       0x14 FreeRTOS_Source\tasks.o
 .bss.xTasksWaitingTermination
                0x20003974       0x14 FreeRTOS_Source\tasks.o
 .bss.uxDeletedTasksWaitingCleanUp
                0x20003988        0x4 FreeRTOS_Source\tasks.o
 .bss.xSuspendedTaskList
                0x2000398c       0x14 FreeRTOS_Source\tasks.o
 .bss.uxCurrentNumberOfTasks
                0x200039a0        0x4 FreeRTOS_Source\tasks.o
 .bss.xTickCount
                0x200039a4        0x4 FreeRTOS_Source\tasks.o
 .bss.uxTopReadyPriority
                0x200039a8        0x4 FreeRTOS_Source\tasks.o
 .bss.xSchedulerRunning
                0x200039ac        0x4 FreeRTOS_Source\tasks.o
 .bss.uxPendedTicks
                0x200039b0        0x4 FreeRTOS_Source\tasks.o
 .bss.xYieldPending
                0x200039b4        0x4 FreeRTOS_Source\tasks.o
 .bss.xNumOfOverflows
                0x200039b8        0x4 FreeRTOS_Source\tasks.o
 .bss.uxTaskNumber
                0x200039bc        0x4 FreeRTOS_Source\tasks.o
 .bss.xNextTaskUnblockTime
                0x200039c0        0x4 FreeRTOS_Source\tasks.o
 .bss.xIdleTaskHandle
                0x200039c4        0x4 FreeRTOS_Source\tasks.o
 .bss.uxSchedulerSuspended
                0x200039c8        0x4 FreeRTOS_Source\tasks.o
 .bss.xActiveTimerList1
                0x200039cc       0x14 FreeRTOS_Source\timers.o
 .bss.xActiveTimerList2
                0x200039e0       0x14 FreeRTOS_Source\timers.o
 .bss.pxCurrentTimerList
                0x200039f4        0x4 FreeRTOS_Source\timers.o
 .bss.pxOverflowTimerList
                0x200039f8        0x4 FreeRTOS_Source\timers.o
 .bss.xTimerQueue
                0x200039fc        0x4 FreeRTOS_Source\timers.o
 .bss.xTimerTaskHandle
                0x20003a00        0x4 FreeRTOS_Source\timers.o
 .bss.xLastTime.6512
                0x20003a04        0x4 FreeRTOS_Source\timers.o
 .bss.xNewTaskQueue
                0x20003a08        0x4 src\main.o
                0x20003a08                xNewTaskQueue
 .bss.xTaskReadyQueue
                0x20003a0c        0x4 src\main.o
                0x20003a0c                xTaskReadyQueue
 .bss.xDDSMessageQueue
                0x20003a10        0x4 src\main.o
                0x20003a10                xDDSMessageQueue
 .bss.xActiveListQueue
                0x20003a14        0x4 src\main.o
                0x20003a14                xActiveListQueue
 .bss.xOverdueListQueue
                0x20003a18        0x4 src\main.o
                0x20003a18                xOverdueListQueue
 .bss.xCompletedListQueue
                0x20003a1c        0x4 src\main.o
                0x20003a1c                xCompletedListQueue
 .bss.heap_end.10227
                0x20003a20        0x4 src\syscalls.o
 .bss.__malloc_free_list
                0x20003a24        0x4 c:/program files (x86)/atollic/truestudio for stm32 9.1.0/armtools/bin/../lib/gcc/arm-atollic-eabi/6.3.1/../../../../arm-atollic-eabi/lib/armv7e-m/softfp\libc_nano.a(lib_a-nano-mallocr.o)
                0x20003a24                __malloc_free_list
 .bss.__malloc_sbrk_start
                0x20003a28        0x4 c:/program files (x86)/atollic/truestudio for stm32 9.1.0/armtools/bin/../lib/gcc/arm-atollic-eabi/6.3.1/../../../../arm-atollic-eabi/lib/armv7e-m/softfp\libc_nano.a(lib_a-nano-mallocr.o)
                0x20003a28                __malloc_sbrk_start
 *(COMMON)
 COMMON         0x20003a2c       0x40 FreeRTOS_Source\queue.o
                0x20003a2c                xQueueRegistry
 COMMON         0x20003a6c       0x7c Utilities\STM32F4-Discovery\stm32f4_discovery_audio_codec.o
                0x20003a6c                CurrentPos
                0x20003a70                AUDIO_MAL_DMA_InitStructure
                0x20003aac                DMA_InitStructure
 COMMON         0x20003ae8       0x10 src\main.o
                0x20003ae8                xMonitorTimer
                0x20003aec                xTask2Timer
                0x20003af0                xTask1Timer
                0x20003af4                xTask3Timer
 COMMON         0x20003af8        0x4 c:/program files (x86)/atollic/truestudio for stm32 9.1.0/armtools/bin/../lib/gcc/arm-atollic-eabi/6.3.1/../../../../arm-atollic-eabi/lib/armv7e-m/softfp\libc_nano.a(lib_a-reent.o)
                0x20003af8                errno
                0x20003afc                . = ALIGN (0x4)
                0x20003afc                _ebss = .
                0x20003afc                __bss_end__ = _ebss

._user_heap_stack
                0x20003afc      0x400
                0x20003afc                . = ALIGN (0x4)
                0x20003afc                PROVIDE (end, .)
                [!provide]                PROVIDE (_end, .)
                0x20003afc                . = (. + _Min_Heap_Size)
                0x20003efc                . = (. + _Min_Stack_Size)
 *fill*         0x20003afc      0x400 
                0x20003efc                . = ALIGN (0x4)

.memory_b1_text
 *(.mb1text)
 *(.mb1text*)
 *(.mb1rodata)
 *(.mb1rodata*)

/DISCARD/
 libc.a(*)
 libm.a(*)
 libgcc.a(*)

.ARM.attributes
                0x00000000       0x2e
 *(.ARM.attributes)
 .ARM.attributes
                0x00000000       0x22 c:/program files (x86)/atollic/truestudio for stm32 9.1.0/armtools/bin/../lib/gcc/arm-atollic-eabi/6.3.1/armv7e-m/softfp/crti.o
 .ARM.attributes
                0x00000022       0x32 c:/program files (x86)/atollic/truestudio for stm32 9.1.0/armtools/bin/../lib/gcc/arm-atollic-eabi/6.3.1/armv7e-m/softfp/crtbegin.o
 .ARM.attributes
                0x00000054       0x37 FreeRTOS_Source\list.o
 .ARM.attributes
                0x0000008b       0x37 FreeRTOS_Source\portable\GCC\ARM_CM4F\port.o
 .ARM.attributes
                0x000000c2       0x37 FreeRTOS_Source\portable\MemMang\heap_4.o
 .ARM.attributes
                0x000000f9       0x37 FreeRTOS_Source\queue.o
 .ARM.attributes
                0x00000130       0x37 FreeRTOS_Source\tasks.o
 .ARM.attributes
                0x00000167       0x37 FreeRTOS_Source\timers.o
 .ARM.attributes
                0x0000019e       0x37 Libraries\STM32F4xx_StdPeriph_Driver\src\stm32f4xx_dac.o
 .ARM.attributes
                0x000001d5       0x37 Libraries\STM32F4xx_StdPeriph_Driver\src\stm32f4xx_dma.o
 .ARM.attributes
                0x0000020c       0x37 Libraries\STM32F4xx_StdPeriph_Driver\src\stm32f4xx_rcc.o
 .ARM.attributes
                0x00000243       0x37 Libraries\STM32F4xx_StdPeriph_Driver\src\stm32f4xx_spi.o
 .ARM.attributes
                0x0000027a       0x37 Utilities\STM32F4-Discovery\stm32f4_discovery_audio_codec.o
 .ARM.attributes
                0x000002b1       0x37 src\STM32F4-Discovery_callback.o
 .ARM.attributes
                0x000002e8       0x37 src\dd_task_list.o
 .ARM.attributes
                0x0000031f       0x37 src\main.o
 .ARM.attributes
                0x00000356       0x21 src\startup_stm32f4xx.o
 .ARM.attributes
                0x00000377       0x37 src\stm32f4xx_it.o
 .ARM.attributes
                0x000003ae       0x37 src\syscalls.o
 .ARM.attributes
                0x000003e5       0x37 src\system_stm32f4xx.o
 .ARM.attributes
                0x0000041c       0x37 src\tiny_printf.o
 .ARM.attributes
                0x00000453       0x32 c:/program files (x86)/atollic/truestudio for stm32 9.1.0/armtools/bin/../lib/gcc/arm-atollic-eabi/6.3.1/../../../../arm-atollic-eabi/lib/armv7e-m/softfp\libc_nano.a(lib_a-init.o)
 .ARM.attributes
                0x00000485       0x32 c:/program files (x86)/atollic/truestudio for stm32 9.1.0/armtools/bin/../lib/gcc/arm-atollic-eabi/6.3.1/../../../../arm-atollic-eabi/lib/armv7e-m/softfp\libc_nano.a(lib_a-memcpy-stub.o)
 .ARM.attributes
                0x000004b7       0x32 c:/program files (x86)/atollic/truestudio for stm32 9.1.0/armtools/bin/../lib/gcc/arm-atollic-eabi/6.3.1/../../../../arm-atollic-eabi/lib/armv7e-m/softfp\libc_nano.a(lib_a-memset.o)
 .ARM.attributes
                0x000004e9       0x32 c:/program files (x86)/atollic/truestudio for stm32 9.1.0/armtools/bin/../lib/gcc/arm-atollic-eabi/6.3.1/../../../../arm-atollic-eabi/lib/armv7e-m/softfp\libc_nano.a(lib_a-puts.o)
 .ARM.attributes
                0x0000051b       0x32 c:/program files (x86)/atollic/truestudio for stm32 9.1.0/armtools/bin/../lib/gcc/arm-atollic-eabi/6.3.1/../../../../arm-atollic-eabi/lib/armv7e-m/softfp\libc_nano.a(lib_a-reent.o)
 .ARM.attributes
                0x0000054d       0x32 c:/program files (x86)/atollic/truestudio for stm32 9.1.0/armtools/bin/../lib/gcc/arm-atollic-eabi/6.3.1/../../../../arm-atollic-eabi/lib/armv7e-m/softfp\libc_nano.a(lib_a-wbuf.o)
 .ARM.attributes
                0x0000057f       0x32 c:/program files (x86)/atollic/truestudio for stm32 9.1.0/armtools/bin/../lib/gcc/arm-atollic-eabi/6.3.1/../../../../arm-atollic-eabi/lib/armv7e-m/softfp\libc_nano.a(lib_a-wsetup.o)
 .ARM.attributes
                0x000005b1       0x32 c:/program files (x86)/atollic/truestudio for stm32 9.1.0/armtools/bin/../lib/gcc/arm-atollic-eabi/6.3.1/../../../../arm-atollic-eabi/lib/armv7e-m/softfp\libc_nano.a(lib_a-fflush.o)
 .ARM.attributes
                0x000005e3       0x32 c:/program files (x86)/atollic/truestudio for stm32 9.1.0/armtools/bin/../lib/gcc/arm-atollic-eabi/6.3.1/../../../../arm-atollic-eabi/lib/armv7e-m/softfp\libc_nano.a(lib_a-findfp.o)
 .ARM.attributes
                0x00000615       0x32 c:/program files (x86)/atollic/truestudio for stm32 9.1.0/armtools/bin/../lib/gcc/arm-atollic-eabi/6.3.1/../../../../arm-atollic-eabi/lib/armv7e-m/softfp\libc_nano.a(lib_a-fwalk.o)
 .ARM.attributes
                0x00000647       0x32 c:/program files (x86)/atollic/truestudio for stm32 9.1.0/armtools/bin/../lib/gcc/arm-atollic-eabi/6.3.1/../../../../arm-atollic-eabi/lib/armv7e-m/softfp\libc_nano.a(lib_a-impure.o)
 .ARM.attributes
                0x00000679       0x32 c:/program files (x86)/atollic/truestudio for stm32 9.1.0/armtools/bin/../lib/gcc/arm-atollic-eabi/6.3.1/../../../../arm-atollic-eabi/lib/armv7e-m/softfp\libc_nano.a(lib_a-makebuf.o)
 .ARM.attributes
                0x000006ab       0x32 c:/program files (x86)/atollic/truestudio for stm32 9.1.0/armtools/bin/../lib/gcc/arm-atollic-eabi/6.3.1/../../../../arm-atollic-eabi/lib/armv7e-m/softfp\libc_nano.a(lib_a-nano-freer.o)
 .ARM.attributes
                0x000006dd       0x32 c:/program files (x86)/atollic/truestudio for stm32 9.1.0/armtools/bin/../lib/gcc/arm-atollic-eabi/6.3.1/../../../../arm-atollic-eabi/lib/armv7e-m/softfp\libc_nano.a(lib_a-nano-mallocr.o)
 .ARM.attributes
                0x0000070f       0x32 c:/program files (x86)/atollic/truestudio for stm32 9.1.0/armtools/bin/../lib/gcc/arm-atollic-eabi/6.3.1/../../../../arm-atollic-eabi/lib/armv7e-m/softfp\libc_nano.a(lib_a-sbrkr.o)
 .ARM.attributes
                0x00000741       0x32 c:/program files (x86)/atollic/truestudio for stm32 9.1.0/armtools/bin/../lib/gcc/arm-atollic-eabi/6.3.1/../../../../arm-atollic-eabi/lib/armv7e-m/softfp\libc_nano.a(lib_a-stdio.o)
 .ARM.attributes
                0x00000773       0x32 c:/program files (x86)/atollic/truestudio for stm32 9.1.0/armtools/bin/../lib/gcc/arm-atollic-eabi/6.3.1/../../../../arm-atollic-eabi/lib/armv7e-m/softfp\libc_nano.a(lib_a-writer.o)
 .ARM.attributes
                0x000007a5       0x32 c:/program files (x86)/atollic/truestudio for stm32 9.1.0/armtools/bin/../lib/gcc/arm-atollic-eabi/6.3.1/../../../../arm-atollic-eabi/lib/armv7e-m/softfp\libc_nano.a(lib_a-closer.o)
 .ARM.attributes
                0x000007d7       0x32 c:/program files (x86)/atollic/truestudio for stm32 9.1.0/armtools/bin/../lib/gcc/arm-atollic-eabi/6.3.1/../../../../arm-atollic-eabi/lib/armv7e-m/softfp\libc_nano.a(lib_a-fstatr.o)
 .ARM.attributes
                0x00000809       0x32 c:/program files (x86)/atollic/truestudio for stm32 9.1.0/armtools/bin/../lib/gcc/arm-atollic-eabi/6.3.1/../../../../arm-atollic-eabi/lib/armv7e-m/softfp\libc_nano.a(lib_a-isattyr.o)
 .ARM.attributes
                0x0000083b       0x32 c:/program files (x86)/atollic/truestudio for stm32 9.1.0/armtools/bin/../lib/gcc/arm-atollic-eabi/6.3.1/../../../../arm-atollic-eabi/lib/armv7e-m/softfp\libc_nano.a(lib_a-lseekr.o)
 .ARM.attributes
                0x0000086d       0x32 c:/program files (x86)/atollic/truestudio for stm32 9.1.0/armtools/bin/../lib/gcc/arm-atollic-eabi/6.3.1/../../../../arm-atollic-eabi/lib/armv7e-m/softfp\libc_nano.a(lib_a-mlock.o)
 .ARM.attributes
                0x0000089f       0x32 c:/program files (x86)/atollic/truestudio for stm32 9.1.0/armtools/bin/../lib/gcc/arm-atollic-eabi/6.3.1/../../../../arm-atollic-eabi/lib/armv7e-m/softfp\libc_nano.a(lib_a-readr.o)
 .ARM.attributes
                0x000008d1       0x22 c:/program files (x86)/atollic/truestudio for stm32 9.1.0/armtools/bin/../lib/gcc/arm-atollic-eabi/6.3.1/armv7e-m/softfp/crtn.o
OUTPUT(STM32F4_Discovery_FreeRTOS_Simple_Demo.elf elf32-littlearm)

.debug_info     0x00000000     0xe115
 .debug_info    0x00000000      0xac3 FreeRTOS_Source\list.o
 .debug_info    0x00000ac3      0x50b FreeRTOS_Source\portable\GCC\ARM_CM4F\port.o
 .debug_info    0x00000fce      0xc03 FreeRTOS_Source\portable\MemMang\heap_4.o
 .debug_info    0x00001bd1     0x1b75 FreeRTOS_Source\queue.o
 .debug_info    0x00003746     0x2255 FreeRTOS_Source\tasks.o
 .debug_info    0x0000599b     0x136a FreeRTOS_Source\timers.o
 .debug_info    0x00006d05      0x654 Libraries\STM32F4xx_StdPeriph_Driver\src\stm32f4xx_dac.o
 .debug_info    0x00007359      0x74c Libraries\STM32F4xx_StdPeriph_Driver\src\stm32f4xx_dma.o
 .debug_info    0x00007aa5      0xc72 Libraries\STM32F4xx_StdPeriph_Driver\src\stm32f4xx_rcc.o
 .debug_info    0x00008717      0xb1a Libraries\STM32F4xx_StdPeriph_Driver\src\stm32f4xx_spi.o
 .debug_info    0x00009231     0x108b Utilities\STM32F4-Discovery\stm32f4_discovery_audio_codec.o
 .debug_info    0x0000a2bc      0x12d src\STM32F4-Discovery_callback.o
 .debug_info    0x0000a3e9      0x328 src\dd_task_list.o
 .debug_info    0x0000a711     0x156d src\main.o
 .debug_info    0x0000bc7e       0x6f src\startup_stm32f4xx.o
 .debug_info    0x0000bced      0x121 src\stm32f4xx_it.o
 .debug_info    0x0000be0e     0x11e2 src\syscalls.o
 .debug_info    0x0000cff0      0x5d0 src\system_stm32f4xx.o
 .debug_info    0x0000d5c0      0xb55 src\tiny_printf.o

.debug_abbrev   0x00000000     0x2354
 .debug_abbrev  0x00000000      0x1c5 FreeRTOS_Source\list.o
 .debug_abbrev  0x000001c5      0x1d5 FreeRTOS_Source\portable\GCC\ARM_CM4F\port.o
 .debug_abbrev  0x0000039a      0x2b7 FreeRTOS_Source\portable\MemMang\heap_4.o
 .debug_abbrev  0x00000651      0x2d4 FreeRTOS_Source\queue.o
 .debug_abbrev  0x00000925      0x362 FreeRTOS_Source\tasks.o
 .debug_abbrev  0x00000c87      0x288 FreeRTOS_Source\timers.o
 .debug_abbrev  0x00000f0f      0x191 Libraries\STM32F4xx_StdPeriph_Driver\src\stm32f4xx_dac.o
 .debug_abbrev  0x000010a0      0x168 Libraries\STM32F4xx_StdPeriph_Driver\src\stm32f4xx_dma.o
 .debug_abbrev  0x00001208      0x1f8 Libraries\STM32F4xx_StdPeriph_Driver\src\stm32f4xx_rcc.o
 .debug_abbrev  0x00001400      0x17a Libraries\STM32F4xx_StdPeriph_Driver\src\stm32f4xx_spi.o
 .debug_abbrev  0x0000157a      0x276 Utilities\STM32F4-Discovery\stm32f4_discovery_audio_codec.o
 .debug_abbrev  0x000017f0       0xa3 src\STM32F4-Discovery_callback.o
 .debug_abbrev  0x00001893      0x10c src\dd_task_list.o
 .debug_abbrev  0x0000199f      0x2e6 src\main.o
 .debug_abbrev  0x00001c85       0x12 src\startup_stm32f4xx.o
 .debug_abbrev  0x00001c97       0x78 src\stm32f4xx_it.o
 .debug_abbrev  0x00001d0f      0x2d9 src\syscalls.o
 .debug_abbrev  0x00001fe8      0x158 src\system_stm32f4xx.o
 .debug_abbrev  0x00002140      0x214 src\tiny_printf.o

.debug_aranges  0x00000000      0xc50
 .debug_aranges
                0x00000000       0x40 FreeRTOS_Source\list.o
 .debug_aranges
                0x00000040       0x80 FreeRTOS_Source\portable\GCC\ARM_CM4F\port.o
 .debug_aranges
                0x000000c0       0x50 FreeRTOS_Source\portable\MemMang\heap_4.o
 .debug_aranges
                0x00000110      0x100 FreeRTOS_Source\queue.o
 .debug_aranges
                0x00000210      0x1a0 FreeRTOS_Source\tasks.o
 .debug_aranges
                0x000003b0       0xb8 FreeRTOS_Source\timers.o
 .debug_aranges
                0x00000468       0xa0 Libraries\STM32F4xx_StdPeriph_Driver\src\stm32f4xx_dac.o
 .debug_aranges
                0x00000508       0xb0 Libraries\STM32F4xx_StdPeriph_Driver\src\stm32f4xx_dma.o
 .debug_aranges
                0x000005b8      0x178 Libraries\STM32F4xx_StdPeriph_Driver\src\stm32f4xx_rcc.o
 .debug_aranges
                0x00000730       0xe0 Libraries\STM32F4xx_StdPeriph_Driver\src\stm32f4xx_spi.o
 .debug_aranges
                0x00000810      0x130 Utilities\STM32F4-Discovery\stm32f4_discovery_audio_codec.o
 .debug_aranges
                0x00000940       0x30 src\STM32F4-Discovery_callback.o
 .debug_aranges
                0x00000970       0x48 src\dd_task_list.o
 .debug_aranges
                0x000009b8       0xe0 src\main.o
 .debug_aranges
                0x00000a98       0x28 src\startup_stm32f4xx.o
 .debug_aranges
                0x00000ac0       0x48 src\stm32f4xx_it.o
 .debug_aranges
                0x00000b08       0xd0 src\syscalls.o
 .debug_aranges
                0x00000bd8       0x30 src\system_stm32f4xx.o
 .debug_aranges
                0x00000c08       0x48 src\tiny_printf.o

.debug_ranges   0x00000000      0xb40
 .debug_ranges  0x00000000       0x30 FreeRTOS_Source\list.o
 .debug_ranges  0x00000030       0x70 FreeRTOS_Source\portable\GCC\ARM_CM4F\port.o
 .debug_ranges  0x000000a0       0x40 FreeRTOS_Source\portable\MemMang\heap_4.o
 .debug_ranges  0x000000e0       0xf0 FreeRTOS_Source\queue.o
 .debug_ranges  0x000001d0      0x190 FreeRTOS_Source\tasks.o
 .debug_ranges  0x00000360       0xa8 FreeRTOS_Source\timers.o
 .debug_ranges  0x00000408       0x90 Libraries\STM32F4xx_StdPeriph_Driver\src\stm32f4xx_dac.o
 .debug_ranges  0x00000498       0xa0 Libraries\STM32F4xx_StdPeriph_Driver\src\stm32f4xx_dma.o
 .debug_ranges  0x00000538      0x168 Libraries\STM32F4xx_StdPeriph_Driver\src\stm32f4xx_rcc.o
 .debug_ranges  0x000006a0       0xd0 Libraries\STM32F4xx_StdPeriph_Driver\src\stm32f4xx_spi.o
 .debug_ranges  0x00000770      0x120 Utilities\STM32F4-Discovery\stm32f4_discovery_audio_codec.o
 .debug_ranges  0x00000890       0x20 src\STM32F4-Discovery_callback.o
 .debug_ranges  0x000008b0       0x50 src\dd_task_list.o
 .debug_ranges  0x00000900       0xd0 src\main.o
 .debug_ranges  0x000009d0       0x20 src\startup_stm32f4xx.o
 .debug_ranges  0x000009f0       0x38 src\stm32f4xx_it.o
 .debug_ranges  0x00000a28       0xc0 src\syscalls.o
 .debug_ranges  0x00000ae8       0x20 src\system_stm32f4xx.o
 .debug_ranges  0x00000b08       0x38 src\tiny_printf.o

.debug_line     0x00000000     0x56b4
 .debug_line    0x00000000      0x31c FreeRTOS_Source\list.o
 .debug_line    0x0000031c      0x388 FreeRTOS_Source\portable\GCC\ARM_CM4F\port.o
 .debug_line    0x000006a4      0x3d3 FreeRTOS_Source\portable\MemMang\heap_4.o
 .debug_line    0x00000a77      0xa5b FreeRTOS_Source\queue.o
 .debug_line    0x000014d2      0xd9f FreeRTOS_Source\tasks.o
 .debug_line    0x00002271      0x60e FreeRTOS_Source\timers.o
 .debug_line    0x0000287f      0x367 Libraries\STM32F4xx_StdPeriph_Driver\src\stm32f4xx_dac.o
 .debug_line    0x00002be6      0x43f Libraries\STM32F4xx_StdPeriph_Driver\src\stm32f4xx_dma.o
 .debug_line    0x00003025      0x5ba Libraries\STM32F4xx_StdPeriph_Driver\src\stm32f4xx_rcc.o
 .debug_line    0x000035df      0x46e Libraries\STM32F4xx_StdPeriph_Driver\src\stm32f4xx_spi.o
 .debug_line    0x00003a4d      0x70f Utilities\STM32F4-Discovery\stm32f4_discovery_audio_codec.o
 .debug_line    0x0000415c      0x1c4 src\STM32F4-Discovery_callback.o
 .debug_line    0x00004320      0x229 src\dd_task_list.o
 .debug_line    0x00004549      0x5a8 src\main.o
 .debug_line    0x00004af1       0x77 src\startup_stm32f4xx.o
 .debug_line    0x00004b68      0x1f4 src\stm32f4xx_it.o
 .debug_line    0x00004d5c      0x4c6 src\syscalls.o
 .debug_line    0x00005222      0x219 src\system_stm32f4xx.o
 .debug_line    0x0000543b      0x279 src\tiny_printf.o

.debug_str      0x00000000     0x4617
 .debug_str     0x00000000      0x69f FreeRTOS_Source\list.o
                                0x73a (size before relaxing)
 .debug_str     0x0000069f      0x26d FreeRTOS_Source\portable\GCC\ARM_CM4F\port.o
                                0x452 (size before relaxing)
 .debug_str     0x0000090c      0x1fd FreeRTOS_Source\portable\MemMang\heap_4.o
                                0x821 (size before relaxing)
 .debug_str     0x00000b09      0x555 FreeRTOS_Source\queue.o
                                0xc80 (size before relaxing)
 .debug_str     0x0000105e      0x9da FreeRTOS_Source\tasks.o
                               0x11ee (size before relaxing)
 .debug_str     0x00001a38      0x41c FreeRTOS_Source\timers.o
                                0xb78 (size before relaxing)
 .debug_str     0x00001e54      0x2d7 Libraries\STM32F4xx_StdPeriph_Driver\src\stm32f4xx_dac.o
                                0x4d3 (size before relaxing)
 .debug_str     0x0000212b      0x37e Libraries\STM32F4xx_StdPeriph_Driver\src\stm32f4xx_dma.o
                                0x5c2 (size before relaxing)
 .debug_str     0x000024a9      0x66e Libraries\STM32F4xx_StdPeriph_Driver\src\stm32f4xx_rcc.o
                                0x8d0 (size before relaxing)
 .debug_str     0x00002b17      0x3ad Libraries\STM32F4xx_StdPeriph_Driver\src\stm32f4xx_spi.o
                                0x70a (size before relaxing)
 .debug_str     0x00002ec4      0xc1f Utilities\STM32F4-Discovery\stm32f4_discovery_audio_codec.o
                               0x10e4 (size before relaxing)
 .debug_str     0x00003ae3       0x84 src\STM32F4-Discovery_callback.o
                                0x26e (size before relaxing)
 .debug_str     0x00003b67      0x12c src\dd_task_list.o
                                0x31d (size before relaxing)
 .debug_str     0x00003c93      0x556 src\main.o
                                0xce8 (size before relaxing)
 .debug_str     0x000041e9       0x7b src\stm32f4xx_it.o
                                0x244 (size before relaxing)
 .debug_str     0x00004264      0x2af src\syscalls.o
                                0x986 (size before relaxing)
 .debug_str     0x00004513       0x88 src\system_stm32f4xx.o
                                0x3fb (size before relaxing)
 .debug_str     0x0000459b       0x7c src\tiny_printf.o
                                0x64f (size before relaxing)

.comment        0x00000000       0x7c
 .comment       0x00000000       0x7c FreeRTOS_Source\list.o
                                 0x7d (size before relaxing)
 .comment       0x0000007c       0x7d FreeRTOS_Source\portable\GCC\ARM_CM4F\port.o
 .comment       0x0000007c       0x7d FreeRTOS_Source\portable\MemMang\heap_4.o
 .comment       0x0000007c       0x7d FreeRTOS_Source\queue.o
 .comment       0x0000007c       0x7d FreeRTOS_Source\tasks.o
 .comment       0x0000007c       0x7d FreeRTOS_Source\timers.o
 .comment       0x0000007c       0x7d Libraries\STM32F4xx_StdPeriph_Driver\src\stm32f4xx_dac.o
 .comment       0x0000007c       0x7d Libraries\STM32F4xx_StdPeriph_Driver\src\stm32f4xx_dma.o
 .comment       0x0000007c       0x7d Libraries\STM32F4xx_StdPeriph_Driver\src\stm32f4xx_rcc.o
 .comment       0x0000007c       0x7d Libraries\STM32F4xx_StdPeriph_Driver\src\stm32f4xx_spi.o
 .comment       0x0000007c       0x7d Utilities\STM32F4-Discovery\stm32f4_discovery_audio_codec.o
 .comment       0x0000007c       0x7d src\STM32F4-Discovery_callback.o
 .comment       0x0000007c       0x7d src\dd_task_list.o
 .comment       0x0000007c       0x7d src\main.o
 .comment       0x0000007c       0x7d src\stm32f4xx_it.o
 .comment       0x0000007c       0x7d src\syscalls.o
 .comment       0x0000007c       0x7d src\system_stm32f4xx.o
 .comment       0x0000007c       0x7d src\tiny_printf.o

.debug_frame    0x00000000     0x380c
 .debug_frame   0x00000000       0xd8 FreeRTOS_Source\list.o
 .debug_frame   0x000000d8      0x19c FreeRTOS_Source\portable\GCC\ARM_CM4F\port.o
 .debug_frame   0x00000274      0x108 FreeRTOS_Source\portable\MemMang\heap_4.o
 .debug_frame   0x0000037c      0x448 FreeRTOS_Source\queue.o
 .debug_frame   0x000007c4      0x700 FreeRTOS_Source\tasks.o
 .debug_frame   0x00000ec4      0x2f0 FreeRTOS_Source\timers.o
 .debug_frame   0x000011b4      0x2ac Libraries\STM32F4xx_StdPeriph_Driver\src\stm32f4xx_dac.o
 .debug_frame   0x00001460      0x308 Libraries\STM32F4xx_StdPeriph_Driver\src\stm32f4xx_dma.o
 .debug_frame   0x00001768      0x6d4 Libraries\STM32F4xx_StdPeriph_Driver\src\stm32f4xx_rcc.o
 .debug_frame   0x00001e3c      0x3f4 Libraries\STM32F4xx_StdPeriph_Driver\src\stm32f4xx_spi.o
 .debug_frame   0x00002230      0x4bc Utilities\STM32F4-Discovery\stm32f4_discovery_audio_codec.o
 .debug_frame   0x000026ec       0x70 src\STM32F4-Discovery_callback.o
 .debug_frame   0x0000275c      0x10c src\dd_task_list.o
 .debug_frame   0x00002868      0x3b0 src\main.o
 .debug_frame   0x00002c18       0xb0 src\stm32f4xx_it.o
 .debug_frame   0x00002cc8      0x380 src\syscalls.o
 .debug_frame   0x00003048       0x7c src\system_stm32f4xx.o
 .debug_frame   0x000030c4      0x150 src\tiny_printf.o
 .debug_frame   0x00003214       0x2c c:/program files (x86)/atollic/truestudio for stm32 9.1.0/armtools/bin/../lib/gcc/arm-atollic-eabi/6.3.1/../../../../arm-atollic-eabi/lib/armv7e-m/softfp\libc_nano.a(lib_a-init.o)
 .debug_frame   0x00003240       0x28 c:/program files (x86)/atollic/truestudio for stm32 9.1.0/armtools/bin/../lib/gcc/arm-atollic-eabi/6.3.1/../../../../arm-atollic-eabi/lib/armv7e-m/softfp\libc_nano.a(lib_a-memcpy-stub.o)
 .debug_frame   0x00003268       0x20 c:/program files (x86)/atollic/truestudio for stm32 9.1.0/armtools/bin/../lib/gcc/arm-atollic-eabi/6.3.1/../../../../arm-atollic-eabi/lib/armv7e-m/softfp\libc_nano.a(lib_a-memset.o)
 .debug_frame   0x00003288       0x3c c:/program files (x86)/atollic/truestudio for stm32 9.1.0/armtools/bin/../lib/gcc/arm-atollic-eabi/6.3.1/../../../../arm-atollic-eabi/lib/armv7e-m/softfp\libc_nano.a(lib_a-puts.o)
 .debug_frame   0x000032c4       0x5c c:/program files (x86)/atollic/truestudio for stm32 9.1.0/armtools/bin/../lib/gcc/arm-atollic-eabi/6.3.1/../../../../arm-atollic-eabi/lib/armv7e-m/softfp\libc_nano.a(lib_a-reent.o)
 .debug_frame   0x00003320       0x40 c:/program files (x86)/atollic/truestudio for stm32 9.1.0/armtools/bin/../lib/gcc/arm-atollic-eabi/6.3.1/../../../../arm-atollic-eabi/lib/armv7e-m/softfp\libc_nano.a(lib_a-wbuf.o)
 .debug_frame   0x00003360       0x2c c:/program files (x86)/atollic/truestudio for stm32 9.1.0/armtools/bin/../lib/gcc/arm-atollic-eabi/6.3.1/../../../../arm-atollic-eabi/lib/armv7e-m/softfp\libc_nano.a(lib_a-wsetup.o)
 .debug_frame   0x0000338c       0x68 c:/program files (x86)/atollic/truestudio for stm32 9.1.0/armtools/bin/../lib/gcc/arm-atollic-eabi/6.3.1/../../../../arm-atollic-eabi/lib/armv7e-m/softfp\libc_nano.a(lib_a-fflush.o)
 .debug_frame   0x000033f4      0x11c c:/program files (x86)/atollic/truestudio for stm32 9.1.0/armtools/bin/../lib/gcc/arm-atollic-eabi/6.3.1/../../../../arm-atollic-eabi/lib/armv7e-m/softfp\libc_nano.a(lib_a-findfp.o)
 .debug_frame   0x00003510       0x54 c:/program files (x86)/atollic/truestudio for stm32 9.1.0/armtools/bin/../lib/gcc/arm-atollic-eabi/6.3.1/../../../../arm-atollic-eabi/lib/armv7e-m/softfp\libc_nano.a(lib_a-fwalk.o)
 .debug_frame   0x00003564       0x58 c:/program files (x86)/atollic/truestudio for stm32 9.1.0/armtools/bin/../lib/gcc/arm-atollic-eabi/6.3.1/../../../../arm-atollic-eabi/lib/armv7e-m/softfp\libc_nano.a(lib_a-makebuf.o)
 .debug_frame   0x000035bc       0x38 c:/program files (x86)/atollic/truestudio for stm32 9.1.0/armtools/bin/../lib/gcc/arm-atollic-eabi/6.3.1/../../../../arm-atollic-eabi/lib/armv7e-m/softfp\libc_nano.a(lib_a-nano-freer.o)
 .debug_frame   0x000035f4       0x2c c:/program files (x86)/atollic/truestudio for stm32 9.1.0/armtools/bin/../lib/gcc/arm-atollic-eabi/6.3.1/../../../../arm-atollic-eabi/lib/armv7e-m/softfp\libc_nano.a(lib_a-nano-mallocr.o)
 .debug_frame   0x00003620       0x2c c:/program files (x86)/atollic/truestudio for stm32 9.1.0/armtools/bin/../lib/gcc/arm-atollic-eabi/6.3.1/../../../../arm-atollic-eabi/lib/armv7e-m/softfp\libc_nano.a(lib_a-sbrkr.o)
 .debug_frame   0x0000364c       0x88 c:/program files (x86)/atollic/truestudio for stm32 9.1.0/armtools/bin/../lib/gcc/arm-atollic-eabi/6.3.1/../../../../arm-atollic-eabi/lib/armv7e-m/softfp\libc_nano.a(lib_a-stdio.o)
 .debug_frame   0x000036d4       0x2c c:/program files (x86)/atollic/truestudio for stm32 9.1.0/armtools/bin/../lib/gcc/arm-atollic-eabi/6.3.1/../../../../arm-atollic-eabi/lib/armv7e-m/softfp\libc_nano.a(lib_a-writer.o)
 .debug_frame   0x00003700       0x2c c:/program files (x86)/atollic/truestudio for stm32 9.1.0/armtools/bin/../lib/gcc/arm-atollic-eabi/6.3.1/../../../../arm-atollic-eabi/lib/armv7e-m/softfp\libc_nano.a(lib_a-closer.o)
 .debug_frame   0x0000372c       0x2c c:/program files (x86)/atollic/truestudio for stm32 9.1.0/armtools/bin/../lib/gcc/arm-atollic-eabi/6.3.1/../../../../arm-atollic-eabi/lib/armv7e-m/softfp\libc_nano.a(lib_a-fstatr.o)
 .debug_frame   0x00003758       0x2c c:/program files (x86)/atollic/truestudio for stm32 9.1.0/armtools/bin/../lib/gcc/arm-atollic-eabi/6.3.1/../../../../arm-atollic-eabi/lib/armv7e-m/softfp\libc_nano.a(lib_a-isattyr.o)
 .debug_frame   0x00003784       0x2c c:/program files (x86)/atollic/truestudio for stm32 9.1.0/armtools/bin/../lib/gcc/arm-atollic-eabi/6.3.1/../../../../arm-atollic-eabi/lib/armv7e-m/softfp\libc_nano.a(lib_a-lseekr.o)
 .debug_frame   0x000037b0       0x30 c:/program files (x86)/atollic/truestudio for stm32 9.1.0/armtools/bin/../lib/gcc/arm-atollic-eabi/6.3.1/../../../../arm-atollic-eabi/lib/armv7e-m/softfp\libc_nano.a(lib_a-mlock.o)
 .debug_frame   0x000037e0       0x2c c:/program files (x86)/atollic/truestudio for stm32 9.1.0/armtools/bin/../lib/gcc/arm-atollic-eabi/6.3.1/../../../../arm-atollic-eabi/lib/armv7e-m/softfp\libc_nano.a(lib_a-readr.o)

Cross Reference Table

Symbol                                            File
ADC_AnalogWatchdogCmd                             Libraries\STM32F4xx_StdPeriph_Driver\src\stm32f4xx_adc.o
ADC_AnalogWatchdogSingleChannelConfig             Libraries\STM32F4xx_StdPeriph_Driver\src\stm32f4xx_adc.o
ADC_AnalogWatchdogThresholdsConfig                Libraries\STM32F4xx_StdPeriph_Driver\src\stm32f4xx_adc.o
ADC_AutoInjectedConvCmd                           Libraries\STM32F4xx_StdPeriph_Driver\src\stm32f4xx_adc.o
ADC_ClearFlag                                     Libraries\STM32F4xx_StdPeriph_Driver\src\stm32f4xx_adc.o
ADC_ClearITPendingBit                             Libraries\STM32F4xx_StdPeriph_Driver\src\stm32f4xx_adc.o
ADC_Cmd                                           Libraries\STM32F4xx_StdPeriph_Driver\src\stm32f4xx_adc.o
ADC_CommonInit                                    Libraries\STM32F4xx_StdPeriph_Driver\src\stm32f4xx_adc.o
ADC_CommonStructInit                              Libraries\STM32F4xx_StdPeriph_Driver\src\stm32f4xx_adc.o
ADC_ContinuousModeCmd                             Libraries\STM32F4xx_StdPeriph_Driver\src\stm32f4xx_adc.o
ADC_DMACmd                                        Libraries\STM32F4xx_StdPeriph_Driver\src\stm32f4xx_adc.o
ADC_DMARequestAfterLastTransferCmd                Libraries\STM32F4xx_StdPeriph_Driver\src\stm32f4xx_adc.o
ADC_DeInit                                        Libraries\STM32F4xx_StdPeriph_Driver\src\stm32f4xx_adc.o
ADC_DiscModeChannelCountConfig                    Libraries\STM32F4xx_StdPeriph_Driver\src\stm32f4xx_adc.o
ADC_DiscModeCmd                                   Libraries\STM32F4xx_StdPeriph_Driver\src\stm32f4xx_adc.o
ADC_EOCOnEachRegularChannelCmd                    Libraries\STM32F4xx_StdPeriph_Driver\src\stm32f4xx_adc.o
ADC_ExternalTrigInjectedConvConfig                Libraries\STM32F4xx_StdPeriph_Driver\src\stm32f4xx_adc.o
ADC_ExternalTrigInjectedConvEdgeConfig            Libraries\STM32F4xx_StdPeriph_Driver\src\stm32f4xx_adc.o
ADC_GetConversionValue                            Libraries\STM32F4xx_StdPeriph_Driver\src\stm32f4xx_adc.o
ADC_GetFlagStatus                                 Libraries\STM32F4xx_StdPeriph_Driver\src\stm32f4xx_adc.o
ADC_GetITStatus                                   Libraries\STM32F4xx_StdPeriph_Driver\src\stm32f4xx_adc.o
ADC_GetInjectedConversionValue                    Libraries\STM32F4xx_StdPeriph_Driver\src\stm32f4xx_adc.o
ADC_GetMultiModeConversionValue                   Libraries\STM32F4xx_StdPeriph_Driver\src\stm32f4xx_adc.o
ADC_GetSoftwareStartConvStatus                    Libraries\STM32F4xx_StdPeriph_Driver\src\stm32f4xx_adc.o
ADC_GetSoftwareStartInjectedConvCmdStatus         Libraries\STM32F4xx_StdPeriph_Driver\src\stm32f4xx_adc.o
ADC_IRQHandler                                    src\startup_stm32f4xx.o
ADC_ITConfig                                      Libraries\STM32F4xx_StdPeriph_Driver\src\stm32f4xx_adc.o
ADC_Init                                          Libraries\STM32F4xx_StdPeriph_Driver\src\stm32f4xx_adc.o
ADC_InjectedChannelConfig                         Libraries\STM32F4xx_StdPeriph_Driver\src\stm32f4xx_adc.o
ADC_InjectedDiscModeCmd                           Libraries\STM32F4xx_StdPeriph_Driver\src\stm32f4xx_adc.o
ADC_InjectedSequencerLengthConfig                 Libraries\STM32F4xx_StdPeriph_Driver\src\stm32f4xx_adc.o
ADC_MultiModeDMARequestAfterLastTransferCmd       Libraries\STM32F4xx_StdPeriph_Driver\src\stm32f4xx_adc.o
ADC_RegularChannelConfig                          Libraries\STM32F4xx_StdPeriph_Driver\src\stm32f4xx_adc.o
ADC_SetInjectedOffset                             Libraries\STM32F4xx_StdPeriph_Driver\src\stm32f4xx_adc.o
ADC_SoftwareStartConv                             Libraries\STM32F4xx_StdPeriph_Driver\src\stm32f4xx_adc.o
ADC_SoftwareStartInjectedConv                     Libraries\STM32F4xx_StdPeriph_Driver\src\stm32f4xx_adc.o
ADC_StructInit                                    Libraries\STM32F4xx_StdPeriph_Driver\src\stm32f4xx_adc.o
ADC_TempSensorVrefintCmd                          Libraries\STM32F4xx_StdPeriph_Driver\src\stm32f4xx_adc.o
ADC_VBATCmd                                       Libraries\STM32F4xx_StdPeriph_Driver\src\stm32f4xx_adc.o
AHBPrescTable                                     src\system_stm32f4xx.o
AUDIO_MAL_DMA_CHANNEL                             Utilities\STM32F4-Discovery\stm32f4_discovery_audio_codec.o
AUDIO_MAL_DMA_CLOCK                               Utilities\STM32F4-Discovery\stm32f4_discovery_audio_codec.o
AUDIO_MAL_DMA_DREG                                Utilities\STM32F4-Discovery\stm32f4_discovery_audio_codec.o
AUDIO_MAL_DMA_FLAG_DME                            Utilities\STM32F4-Discovery\stm32f4_discovery_audio_codec.o
AUDIO_MAL_DMA_FLAG_FE                             Utilities\STM32F4-Discovery\stm32f4_discovery_audio_codec.o
AUDIO_MAL_DMA_FLAG_HT                             Utilities\STM32F4-Discovery\stm32f4_discovery_audio_codec.o
AUDIO_MAL_DMA_FLAG_TC                             Utilities\STM32F4-Discovery\stm32f4_discovery_audio_codec.o
AUDIO_MAL_DMA_FLAG_TE                             Utilities\STM32F4-Discovery\stm32f4_discovery_audio_codec.o
AUDIO_MAL_DMA_IRQ                                 Utilities\STM32F4-Discovery\stm32f4_discovery_audio_codec.o
AUDIO_MAL_DMA_InitStructure                       Utilities\STM32F4-Discovery\stm32f4_discovery_audio_codec.o
AUDIO_MAL_DMA_STREAM                              Utilities\STM32F4-Discovery\stm32f4_discovery_audio_codec.o
AudioRemSize                                      Utilities\STM32F4-Discovery\stm32f4_discovery_audio_codec.o
AudioTotalSize                                    Utilities\STM32F4-Discovery\stm32f4_discovery_audio_codec.o
Audio_MAL_Play                                    Utilities\STM32F4-Discovery\stm32f4_discovery_audio_codec.o
BUTTON_CLK                                        Utilities\STM32F4-Discovery\stm32f4_discovery.o
BUTTON_EXTI_LINE                                  Utilities\STM32F4-Discovery\stm32f4_discovery.o
BUTTON_IRQn                                       Utilities\STM32F4-Discovery\stm32f4_discovery.o
BUTTON_PIN                                        Utilities\STM32F4-Discovery\stm32f4_discovery.o
BUTTON_PIN_SOURCE                                 Utilities\STM32F4-Discovery\stm32f4_discovery.o
BUTTON_PORT                                       Utilities\STM32F4-Discovery\stm32f4_discovery.o
BUTTON_PORT_SOURCE                                Utilities\STM32F4-Discovery\stm32f4_discovery.o
BusFault_Handler                                  src\stm32f4xx_it.o
                                                  src\startup_stm32f4xx.o
CAN1_RX0_IRQHandler                               src\startup_stm32f4xx.o
CAN1_RX1_IRQHandler                               src\startup_stm32f4xx.o
CAN1_SCE_IRQHandler                               src\startup_stm32f4xx.o
CAN1_TX_IRQHandler                                src\startup_stm32f4xx.o
CAN2_RX0_IRQHandler                               src\startup_stm32f4xx.o
CAN2_RX1_IRQHandler                               src\startup_stm32f4xx.o
CAN2_SCE_IRQHandler                               src\startup_stm32f4xx.o
CAN2_TX_IRQHandler                                src\startup_stm32f4xx.o
CAN_CancelTransmit                                Libraries\STM32F4xx_StdPeriph_Driver\src\stm32f4xx_can.o
CAN_ClearFlag                                     Libraries\STM32F4xx_StdPeriph_Driver\src\stm32f4xx_can.o
CAN_ClearITPendingBit                             Libraries\STM32F4xx_StdPeriph_Driver\src\stm32f4xx_can.o
CAN_DBGFreeze                                     Libraries\STM32F4xx_StdPeriph_Driver\src\stm32f4xx_can.o
CAN_DeInit                                        Libraries\STM32F4xx_StdPeriph_Driver\src\stm32f4xx_can.o
CAN_FIFORelease                                   Libraries\STM32F4xx_StdPeriph_Driver\src\stm32f4xx_can.o
CAN_FilterInit                                    Libraries\STM32F4xx_StdPeriph_Driver\src\stm32f4xx_can.o
CAN_GetFlagStatus                                 Libraries\STM32F4xx_StdPeriph_Driver\src\stm32f4xx_can.o
CAN_GetITStatus                                   Libraries\STM32F4xx_StdPeriph_Driver\src\stm32f4xx_can.o
CAN_GetLSBTransmitErrorCounter                    Libraries\STM32F4xx_StdPeriph_Driver\src\stm32f4xx_can.o
CAN_GetLastErrorCode                              Libraries\STM32F4xx_StdPeriph_Driver\src\stm32f4xx_can.o
CAN_GetReceiveErrorCounter                        Libraries\STM32F4xx_StdPeriph_Driver\src\stm32f4xx_can.o
CAN_ITConfig                                      Libraries\STM32F4xx_StdPeriph_Driver\src\stm32f4xx_can.o
CAN_Init                                          Libraries\STM32F4xx_StdPeriph_Driver\src\stm32f4xx_can.o
CAN_MessagePending                                Libraries\STM32F4xx_StdPeriph_Driver\src\stm32f4xx_can.o
CAN_OperatingModeRequest                          Libraries\STM32F4xx_StdPeriph_Driver\src\stm32f4xx_can.o
CAN_Receive                                       Libraries\STM32F4xx_StdPeriph_Driver\src\stm32f4xx_can.o
CAN_SlaveStartBank                                Libraries\STM32F4xx_StdPeriph_Driver\src\stm32f4xx_can.o
CAN_Sleep                                         Libraries\STM32F4xx_StdPeriph_Driver\src\stm32f4xx_can.o
CAN_StructInit                                    Libraries\STM32F4xx_StdPeriph_Driver\src\stm32f4xx_can.o
CAN_TTComModeCmd                                  Libraries\STM32F4xx_StdPeriph_Driver\src\stm32f4xx_can.o
CAN_Transmit                                      Libraries\STM32F4xx_StdPeriph_Driver\src\stm32f4xx_can.o
CAN_TransmitStatus                                Libraries\STM32F4xx_StdPeriph_Driver\src\stm32f4xx_can.o
CAN_WakeUp                                        Libraries\STM32F4xx_StdPeriph_Driver\src\stm32f4xx_can.o
CODECTimeout                                      Utilities\STM32F4-Discovery\stm32f4_discovery_audio_codec.o
CRC_CalcBlockCRC                                  Libraries\STM32F4xx_StdPeriph_Driver\src\stm32f4xx_crc.o
CRC_CalcCRC                                       Libraries\STM32F4xx_StdPeriph_Driver\src\stm32f4xx_crc.o
CRC_GetCRC                                        Libraries\STM32F4xx_StdPeriph_Driver\src\stm32f4xx_crc.o
CRC_GetIDRegister                                 Libraries\STM32F4xx_StdPeriph_Driver\src\stm32f4xx_crc.o
CRC_ResetDR                                       Libraries\STM32F4xx_StdPeriph_Driver\src\stm32f4xx_crc.o
CRC_SetIDRegister                                 Libraries\STM32F4xx_StdPeriph_Driver\src\stm32f4xx_crc.o
CRYP_AES_CBC                                      Libraries\STM32F4xx_StdPeriph_Driver\src\stm32f4xx_cryp_aes.o
CRYP_AES_CTR                                      Libraries\STM32F4xx_StdPeriph_Driver\src\stm32f4xx_cryp_aes.o
CRYP_AES_ECB                                      Libraries\STM32F4xx_StdPeriph_Driver\src\stm32f4xx_cryp_aes.o
CRYP_Cmd                                          Libraries\STM32F4xx_StdPeriph_Driver\src\stm32f4xx_cryp.o
                                                  Libraries\STM32F4xx_StdPeriph_Driver\src\stm32f4xx_cryp_tdes.o
                                                  Libraries\STM32F4xx_StdPeriph_Driver\src\stm32f4xx_cryp_des.o
                                                  Libraries\STM32F4xx_StdPeriph_Driver\src\stm32f4xx_cryp_aes.o
CRYP_DES_CBC                                      Libraries\STM32F4xx_StdPeriph_Driver\src\stm32f4xx_cryp_des.o
CRYP_DES_ECB                                      Libraries\STM32F4xx_StdPeriph_Driver\src\stm32f4xx_cryp_des.o
CRYP_DMACmd                                       Libraries\STM32F4xx_StdPeriph_Driver\src\stm32f4xx_cryp.o
CRYP_DataIn                                       Libraries\STM32F4xx_StdPeriph_Driver\src\stm32f4xx_cryp.o
                                                  Libraries\STM32F4xx_StdPeriph_Driver\src\stm32f4xx_cryp_tdes.o
                                                  Libraries\STM32F4xx_StdPeriph_Driver\src\stm32f4xx_cryp_des.o
                                                  Libraries\STM32F4xx_StdPeriph_Driver\src\stm32f4xx_cryp_aes.o
CRYP_DataOut                                      Libraries\STM32F4xx_StdPeriph_Driver\src\stm32f4xx_cryp.o
                                                  Libraries\STM32F4xx_StdPeriph_Driver\src\stm32f4xx_cryp_tdes.o
                                                  Libraries\STM32F4xx_StdPeriph_Driver\src\stm32f4xx_cryp_des.o
                                                  Libraries\STM32F4xx_StdPeriph_Driver\src\stm32f4xx_cryp_aes.o
CRYP_DeInit                                       Libraries\STM32F4xx_StdPeriph_Driver\src\stm32f4xx_cryp.o
CRYP_FIFOFlush                                    Libraries\STM32F4xx_StdPeriph_Driver\src\stm32f4xx_cryp.o
                                                  Libraries\STM32F4xx_StdPeriph_Driver\src\stm32f4xx_cryp_tdes.o
                                                  Libraries\STM32F4xx_StdPeriph_Driver\src\stm32f4xx_cryp_des.o
                                                  Libraries\STM32F4xx_StdPeriph_Driver\src\stm32f4xx_cryp_aes.o
CRYP_GetFlagStatus                                Libraries\STM32F4xx_StdPeriph_Driver\src\stm32f4xx_cryp.o
                                                  Libraries\STM32F4xx_StdPeriph_Driver\src\stm32f4xx_cryp_tdes.o
                                                  Libraries\STM32F4xx_StdPeriph_Driver\src\stm32f4xx_cryp_des.o
                                                  Libraries\STM32F4xx_StdPeriph_Driver\src\stm32f4xx_cryp_aes.o
CRYP_GetITStatus                                  Libraries\STM32F4xx_StdPeriph_Driver\src\stm32f4xx_cryp.o
CRYP_IRQHandler                                   src\startup_stm32f4xx.o
CRYP_ITConfig                                     Libraries\STM32F4xx_StdPeriph_Driver\src\stm32f4xx_cryp.o
CRYP_IVInit                                       Libraries\STM32F4xx_StdPeriph_Driver\src\stm32f4xx_cryp.o
                                                  Libraries\STM32F4xx_StdPeriph_Driver\src\stm32f4xx_cryp_tdes.o
                                                  Libraries\STM32F4xx_StdPeriph_Driver\src\stm32f4xx_cryp_des.o
                                                  Libraries\STM32F4xx_StdPeriph_Driver\src\stm32f4xx_cryp_aes.o
CRYP_IVStructInit                                 Libraries\STM32F4xx_StdPeriph_Driver\src\stm32f4xx_cryp.o
CRYP_Init                                         Libraries\STM32F4xx_StdPeriph_Driver\src\stm32f4xx_cryp.o
                                                  Libraries\STM32F4xx_StdPeriph_Driver\src\stm32f4xx_cryp_tdes.o
                                                  Libraries\STM32F4xx_StdPeriph_Driver\src\stm32f4xx_cryp_des.o
                                                  Libraries\STM32F4xx_StdPeriph_Driver\src\stm32f4xx_cryp_aes.o
CRYP_KeyInit                                      Libraries\STM32F4xx_StdPeriph_Driver\src\stm32f4xx_cryp.o
                                                  Libraries\STM32F4xx_StdPeriph_Driver\src\stm32f4xx_cryp_tdes.o
                                                  Libraries\STM32F4xx_StdPeriph_Driver\src\stm32f4xx_cryp_des.o
                                                  Libraries\STM32F4xx_StdPeriph_Driver\src\stm32f4xx_cryp_aes.o
CRYP_KeyStructInit                                Libraries\STM32F4xx_StdPeriph_Driver\src\stm32f4xx_cryp.o
                                                  Libraries\STM32F4xx_StdPeriph_Driver\src\stm32f4xx_cryp_tdes.o
                                                  Libraries\STM32F4xx_StdPeriph_Driver\src\stm32f4xx_cryp_des.o
                                                  Libraries\STM32F4xx_StdPeriph_Driver\src\stm32f4xx_cryp_aes.o
CRYP_RestoreContext                               Libraries\STM32F4xx_StdPeriph_Driver\src\stm32f4xx_cryp.o
CRYP_SaveContext                                  Libraries\STM32F4xx_StdPeriph_Driver\src\stm32f4xx_cryp.o
CRYP_StructInit                                   Libraries\STM32F4xx_StdPeriph_Driver\src\stm32f4xx_cryp.o